
pocket_tag.elf:     file format elf32-littleriscv
pocket_tag.elf
architecture: riscv:rv32, flags 0x00000112:
EXEC_P, HAS_SYMS, D_PAGED
start address 0x00000000

Program Header:
    LOAD off    0x00001000 vaddr 0x00000000 paddr 0x00000000 align 2**12
         filesz 0x000008f0 memsz 0x000008f0 flags r-x
    LOAD off    0x00002000 vaddr 0x20000000 paddr 0x000008f0 align 2**12
         filesz 0x00000020 memsz 0x00000030 flags rw-
    LOAD off    0x00002700 vaddr 0x20000700 paddr 0x20000700 align 2**12
         filesz 0x00000000 memsz 0x00000100 flags rw-

Sections:
Idx Name          Size      VMA       LMA       File off  Algn
  0 .init         000000a0  00000000  00000000  00001000  2**2
                  CONTENTS, ALLOC, LOAD, READONLY, CODE
  1 .highcodelalign 00000000  000000a0  000000a0  00002020  2**0
                  CONTENTS
  2 .highcode     00000000  20000000  20000000  00002020  2**0
                  CONTENTS
  3 .text         00000850  000000a0  000000a0  000010a0  2**2
                  CONTENTS, ALLOC, LOAD, READONLY, CODE
  4 .fini         00000000  000008f0  000008f0  00002020  2**0
                  CONTENTS, ALLOC, LOAD, CODE
  5 .dalign       00000000  20000000  20000000  00002020  2**0
                  CONTENTS
  6 .dlalign      00000000  000008f0  000008f0  00002020  2**0
                  CONTENTS
  7 .data         00000020  20000000  000008f0  00002000  2**2
                  CONTENTS, ALLOC, LOAD, DATA
  8 .bss          00000010  20000020  00000910  00002020  2**2
                  ALLOC
  9 .stack        00000100  20000700  20000700  00002700  2**0
                  ALLOC
 10 .debug_info   00009544  00000000  00000000  00002020  2**0
                  CONTENTS, READONLY, DEBUGGING
 11 .debug_abbrev 00001975  00000000  00000000  0000b564  2**0
                  CONTENTS, READONLY, DEBUGGING
 12 .debug_aranges 00000600  00000000  00000000  0000cee0  2**3
                  CONTENTS, READONLY, DEBUGGING
 13 .debug_ranges 00000608  00000000  00000000  0000d4e0  2**3
                  CONTENTS, READONLY, DEBUGGING
 14 .debug_line   00007278  00000000  00000000  0000dae8  2**0
                  CONTENTS, READONLY, DEBUGGING
 15 .debug_str    00001ed5  00000000  00000000  00014d60  2**0
                  CONTENTS, READONLY, DEBUGGING
 16 .comment      00000032  00000000  00000000  00016c35  2**0
                  CONTENTS, READONLY
 17 .debug_frame  00000d4c  00000000  00000000  00016c68  2**2
                  CONTENTS, READONLY, DEBUGGING
 18 .debug_loc    00002933  00000000  00000000  000179b4  2**0
                  CONTENTS, READONLY, DEBUGGING
SYMBOL TABLE:
00000000 l    d  .init	00000000 .init
000000a0 l    d  .highcodelalign	00000000 .highcodelalign
20000000 l    d  .highcode	00000000 .highcode
000000a0 l    d  .text	00000000 .text
000008f0 l    d  .fini	00000000 .fini
20000000 l    d  .dalign	00000000 .dalign
000008f0 l    d  .dlalign	00000000 .dlalign
20000000 l    d  .data	00000000 .data
20000020 l    d  .bss	00000000 .bss
20000700 l    d  .stack	00000000 .stack
00000000 l    d  .debug_info	00000000 .debug_info
00000000 l    d  .debug_abbrev	00000000 .debug_abbrev
00000000 l    d  .debug_aranges	00000000 .debug_aranges
00000000 l    d  .debug_ranges	00000000 .debug_ranges
00000000 l    d  .debug_line	00000000 .debug_line
00000000 l    d  .debug_str	00000000 .debug_str
00000000 l    d  .comment	00000000 .comment
00000000 l    d  .debug_frame	00000000 .debug_frame
00000000 l    d  .debug_loc	00000000 .debug_loc
00000000 l    df *ABS*	00000000 ch32v00x_it.c
00000000 l    df *ABS*	00000000 main.c
0000015c l     F .text	0000001e io_buzzflasher.part.0
20000020 l     O .bss	00000002 bits_received.4083
20000022 l     O .bss	00000002 data.4082
20000024 l     O .bss	00000002 key_pointer.4092
20000004 l     O .data	00000002 state.4081
00000000 l    df *ABS*	00000000 system_ch32v00x.c
00000000 l    df *ABS*	00000000 ch32v00x_gpio.c
00000000 l    df *ABS*	00000000 ch32v00x_misc.c
00000000 l    df *ABS*	00000000 ch32v00x_rcc.c
00000000 l    df *ABS*	00000000 ch32v00x_tim.c
00000000 l    df *ABS*	00000000 debug.c
2000002c l     O .bss	00000002 p_ms
2000002e l     O .bss	00000001 p_us
20000820 g       .data	00000000 __global_pointer$
0000064e  w      .text	00000000 TIM1_CC_IRQHandler
0000033e g     F .text	0000001e send_test
0000014c g     F .text	00000010 HardFault_Handler
0000064e  w      .text	00000000 SysTick_Handler
00000316 g     F .text	00000028 send_byte
0000064e  w      .text	00000000 PVD_IRQHandler
0000014a g     F .text	00000002 NMI_Handler
20000020 g       .bss	00000000 _sbss
00000100 g       *ABS*	00000000 __stack_size
00000300 g     F .text	0000000a ir_send_starting_pulse
000000aa g     F .text	0000000a .hidden __riscv_restore_2
0000082e g     F .text	00000018 TIM_Cmd
20000018 g     O .data	00000004 SystemCoreClock
000000d4 g     F .text	0000002c .hidden __udivsi3
000000a0 g       .init	00000000 _einit
000007a4 g     F .text	0000001e RCC_APB2PeriphClockCmd
00000700 g     F .text	0000007c GPIO_Init
20000028 g     O .bss	00000004 NVIC_Priority_Group
0000064e  w      .text	00000000 SPI1_IRQHandler
0000027e g     F .text	0000002a ir_pulse
000000a0 g     F .text	0000000a .hidden __riscv_save_1
000000aa g     F .text	0000000a .hidden __riscv_restore_0
0000064e  w      .text	00000000 AWU_IRQHandler
0000064e  w      .text	00000000 EXTI7_0_IRQHandler
000007c2 g     F .text	0000001e RCC_APB1PeriphClockCmd
20000700 g       .stack	00000000 _heap_end
0000087a g     F .text	0000003a Delay_Us
0000064e  w      .text	00000000 DMA1_Channel4_IRQHandler
0000064e  w      .text	00000000 ADC1_IRQHandler
0000025e g     F .text	00000020 io_buzzflasher
20000030 g       .bss	00000000 _ebss
0000064e  w      .text	00000000 DMA1_Channel7_IRQHandler
0000077c g     F .text	00000008 GPIO_ReadInputData
000004fc g     F .text	00000036 process_rx_data
00000846 g     F .text	00000034 Delay_Init
00000784 g     F .text	00000004 GPIO_SetBits
0000030a g     F .text	0000000c ir_send_break_after_byte
00000100 g     F .text	00000008 .hidden __umodsi3
0000064e  w      .text	00000000 I2C1_EV_IRQHandler
000002ee g     F .text	00000012 ir_send_preamble
0000064e  w      .text	00000000 DMA1_Channel6_IRQHandler
000003a2 g     F .text	00000074 get_gap
0000064e  w      .text	00000000 RCC_IRQHandler
0000064e  w      .text	00000000 TIM1_TRG_COM_IRQHandler
0000064e  w      .text	00000000 DMA1_Channel1_IRQHandler
00000000 g       .init	00000000 _start
20000008 g     O .data	00000010 AHBPrescTable
20000000 g       .highcode	00000000 _highcode_vma_start
000000b4 g     F .text	00000014 .hidden __mulsi3
000002a8 g     F .text	0000002a ir_gap
0000035c g     F .text	00000028 send_pew
00000788 g     F .text	00000004 GPIO_ResetBits
20000000 g       .dalign	00000000 _data_vma
00000792 g     F .text	00000012 RCC_AdjustHSICalibrationValue
00000532 g     F .text	0000002e main
00000384 g     F .text	0000001e flash
20000000 g     O .data	00000004 key
0000064e  w      .text	00000000 DMA1_Channel5_IRQHandler
00000246 g     F .text	00000018 io_trigger_pressed
000000cc g     F .text	00000058 .hidden __divsi3
000008b4 g     F .text	0000003a Delay_Ms
000002e0 g     F .text	0000000e ir_send_zero
20000026 g     O .bss	00000002 rx_data
000000a0 g       .highcodelalign	00000000 _highcode_lma
00000560 g     F .text	00000086 SystemInit
0000017a g     F .text	000000cc init_hardware
00000000 g       .init	00000000 _sinit
0000064e  w      .text	00000000 DMA1_Channel3_IRQHandler
0000064e  w      .text	00000000 TIM1_UP_IRQHandler
0000064e  w      .text	00000000 WWDG_IRQHandler
0000064e  w      .text	00000000 TIM2_IRQHandler
20000800 g       .stack	00000000 _eusrstack
000000a0 g     F .text	0000000a .hidden __riscv_save_2
0000064e  w      .text	00000000 SW_Handler
0000064e  w      .text	00000000 TIM1_BRK_IRQHandler
20000020 g       .data	00000000 _edata
20000030 g       .bss	00000000 _end
20000000 g       .highcode	00000000 _highcode_vma_end
000007e0 g     F .text	0000004e TIM_TimeBaseInit
000008f0 g       .dlalign	00000000 _data_lma
000005e6 g     F .text	00000068 SystemCoreClockUpdate
00000124 g     F .text	00000024 .hidden __modsi3
0000064e  w      .text	00000000 DMA1_Channel2_IRQHandler
00000650  w      .text	00000000 handle_reset
0000064e  w      .text	00000000 FLASH_IRQHandler
000000a0 g     F .text	0000000a .hidden __riscv_save_0
0000064e  w      .text	00000000 USART1_IRQHandler
000002d2 g     F .text	0000000e ir_send_one
0000064e  w      .text	00000000 I2C1_ER_IRQHandler
0000078c g     F .text	00000006 NVIC_PriorityGroupConfig
00000416 g     F .text	000000e6 decode_rx
000000aa g     F .text	0000000a .hidden __riscv_restore_1



Disassembly of section .init:

00000000 <_sinit>:
   0:	6500006f          	j	650 <handle_reset>
   4:	0000                	unimp
   6:	0000                	unimp
   8:	014a                	slli	sp,sp,0x12
   a:	0000                	unimp
   c:	014c                	addi	a1,sp,132
	...
  2e:	0000                	unimp
  30:	064e                	slli	a2,a2,0x13
  32:	0000                	unimp
  34:	0000                	unimp
  36:	0000                	unimp
  38:	064e                	slli	a2,a2,0x13
  3a:	0000                	unimp
  3c:	0000                	unimp
  3e:	0000                	unimp
  40:	064e                	slli	a2,a2,0x13
  42:	0000                	unimp
  44:	064e                	slli	a2,a2,0x13
  46:	0000                	unimp
  48:	064e                	slli	a2,a2,0x13
  4a:	0000                	unimp
  4c:	064e                	slli	a2,a2,0x13
  4e:	0000                	unimp
  50:	064e                	slli	a2,a2,0x13
  52:	0000                	unimp
  54:	064e                	slli	a2,a2,0x13
  56:	0000                	unimp
  58:	064e                	slli	a2,a2,0x13
  5a:	0000                	unimp
  5c:	064e                	slli	a2,a2,0x13
  5e:	0000                	unimp
  60:	064e                	slli	a2,a2,0x13
  62:	0000                	unimp
  64:	064e                	slli	a2,a2,0x13
  66:	0000                	unimp
  68:	064e                	slli	a2,a2,0x13
  6a:	0000                	unimp
  6c:	064e                	slli	a2,a2,0x13
  6e:	0000                	unimp
  70:	064e                	slli	a2,a2,0x13
  72:	0000                	unimp
  74:	064e                	slli	a2,a2,0x13
  76:	0000                	unimp
  78:	064e                	slli	a2,a2,0x13
  7a:	0000                	unimp
  7c:	064e                	slli	a2,a2,0x13
  7e:	0000                	unimp
  80:	064e                	slli	a2,a2,0x13
  82:	0000                	unimp
  84:	064e                	slli	a2,a2,0x13
  86:	0000                	unimp
  88:	064e                	slli	a2,a2,0x13
  8a:	0000                	unimp
  8c:	064e                	slli	a2,a2,0x13
  8e:	0000                	unimp
  90:	064e                	slli	a2,a2,0x13
  92:	0000                	unimp
  94:	064e                	slli	a2,a2,0x13
  96:	0000                	unimp
  98:	064e                	slli	a2,a2,0x13
  9a:	0000                	unimp
  9c:	0000                	unimp
	...

Disassembly of section .text:

000000a0 <__riscv_save_0>:
  a0:	1151                	addi	sp,sp,-12
  a2:	c026                	sw	s1,0(sp)
  a4:	c222                	sw	s0,4(sp)
  a6:	c406                	sw	ra,8(sp)
  a8:	8282                	jr	t0

000000aa <__riscv_restore_0>:
  aa:	4482                	lw	s1,0(sp)
  ac:	4412                	lw	s0,4(sp)
  ae:	40a2                	lw	ra,8(sp)
  b0:	0131                	addi	sp,sp,12
  b2:	8082                	ret

000000b4 <__mulsi3>:
  b4:	862a                	mv	a2,a0
  b6:	4501                	li	a0,0
  b8:	0015f693          	andi	a3,a1,1
  bc:	c291                	beqz	a3,c0 <__mulsi3+0xc>
  be:	9532                	add	a0,a0,a2
  c0:	8185                	srli	a1,a1,0x1
  c2:	0606                	slli	a2,a2,0x1
  c4:	f9f5                	bnez	a1,b8 <__mulsi3+0x4>
  c6:	8082                	ret
  c8:	0000                	unimp
	...

000000cc <__divsi3>:
  cc:	02054e63          	bltz	a0,108 <__umodsi3+0x8>
  d0:	0405c363          	bltz	a1,116 <__umodsi3+0x16>

000000d4 <__udivsi3>:
  d4:	862e                	mv	a2,a1
  d6:	85aa                	mv	a1,a0
  d8:	557d                	li	a0,-1
  da:	c215                	beqz	a2,fe <__udivsi3+0x2a>
  dc:	4685                	li	a3,1
  de:	00b67863          	bgeu	a2,a1,ee <__udivsi3+0x1a>
  e2:	00c05663          	blez	a2,ee <__udivsi3+0x1a>
  e6:	0606                	slli	a2,a2,0x1
  e8:	0686                	slli	a3,a3,0x1
  ea:	feb66ce3          	bltu	a2,a1,e2 <__udivsi3+0xe>
  ee:	4501                	li	a0,0
  f0:	00c5e463          	bltu	a1,a2,f8 <__udivsi3+0x24>
  f4:	8d91                	sub	a1,a1,a2
  f6:	8d55                	or	a0,a0,a3
  f8:	8285                	srli	a3,a3,0x1
  fa:	8205                	srli	a2,a2,0x1
  fc:	faf5                	bnez	a3,f0 <__udivsi3+0x1c>
  fe:	8082                	ret

00000100 <__umodsi3>:
 100:	8286                	mv	t0,ra
 102:	3fc9                	jal	d4 <__udivsi3>
 104:	852e                	mv	a0,a1
 106:	8282                	jr	t0
 108:	40a00533          	neg	a0,a0
 10c:	0005d763          	bgez	a1,11a <__umodsi3+0x1a>
 110:	40b005b3          	neg	a1,a1
 114:	b7c1                	j	d4 <__udivsi3>
 116:	40b005b3          	neg	a1,a1
 11a:	8286                	mv	t0,ra
 11c:	3f65                	jal	d4 <__udivsi3>
 11e:	40a00533          	neg	a0,a0
 122:	8282                	jr	t0

00000124 <__modsi3>:
 124:	8286                	mv	t0,ra
 126:	0005c763          	bltz	a1,134 <__modsi3+0x10>
 12a:	00054963          	bltz	a0,13c <__modsi3+0x18>
 12e:	375d                	jal	d4 <__udivsi3>
 130:	852e                	mv	a0,a1
 132:	8282                	jr	t0
 134:	40b005b3          	neg	a1,a1
 138:	fe055be3          	bgez	a0,12e <__modsi3+0xa>
 13c:	40a00533          	neg	a0,a0
 140:	3f51                	jal	d4 <__udivsi3>
 142:	40b00533          	neg	a0,a1
 146:	8282                	jr	t0
	...

0000014a <NMI_Handler>:
 14a:	a001                	j	14a <NMI_Handler>

0000014c <HardFault_Handler>:
 14c:	beef07b7          	lui	a5,0xbeef0
 150:	e000e737          	lui	a4,0xe000e
 154:	08078793          	addi	a5,a5,128 # beef0080 <__global_pointer$+0x9eeef860>
 158:	c73c                	sw	a5,72(a4)
 15a:	a001                	j	15a <HardFault_Handler+0xe>

0000015c <io_buzzflasher.part.0>:
 15c:	f45ff2ef          	jal	t0,a0 <__riscv_save_0>
 160:	40011437          	lui	s0,0x40011
 164:	80040513          	addi	a0,s0,-2048 # 40010800 <__global_pointer$+0x2000ffe0>
 168:	4591                	li	a1,4
 16a:	61e000ef          	jal	ra,788 <GPIO_ResetBits>
 16e:	45c1                	li	a1,16
 170:	40040513          	addi	a0,s0,1024
 174:	610000ef          	jal	ra,784 <GPIO_SetBits>
 178:	bf0d                	j	aa <__riscv_restore_0>

0000017a <init_hardware>:
 17a:	f27ff2ef          	jal	t0,a0 <__riscv_save_0>
 17e:	1121                	addi	sp,sp,-24
 180:	4585                	li	a1,1
 182:	4511                	li	a0,4
 184:	620000ef          	jal	ra,7a4 <RCC_APB2PeriphClockCmd>
 188:	4585                	li	a1,1
 18a:	4541                	li	a0,16
 18c:	618000ef          	jal	ra,7a4 <RCC_APB2PeriphClockCmd>
 190:	4585                	li	a1,1
 192:	02000513          	li	a0,32
 196:	60e000ef          	jal	ra,7a4 <RCC_APB2PeriphClockCmd>
 19a:	40011437          	lui	s0,0x40011
 19e:	4789                	li	a5,2
 1a0:	4489                	li	s1,2
 1a2:	867c                	sh	a5,12(sp)
 1a4:	006c                	addi	a1,sp,12
 1a6:	04800793          	li	a5,72
 1aa:	40040513          	addi	a0,s0,1024 # 40011400 <__global_pointer$+0x20010be0>
 1ae:	ca3e                	sw	a5,20(sp)
 1b0:	c826                	sw	s1,16(sp)
 1b2:	00011723          	sh	zero,14(sp)
 1b6:	23a9                	jal	700 <GPIO_Init>
 1b8:	04000713          	li	a4,64
 1bc:	04800793          	li	a5,72
 1c0:	006c                	addi	a1,sp,12
 1c2:	40040513          	addi	a0,s0,1024
 1c6:	8678                	sh	a4,12(sp)
 1c8:	ca3e                	sw	a5,20(sp)
 1ca:	c826                	sw	s1,16(sp)
 1cc:	2b15                	jal	700 <GPIO_Init>
 1ce:	4791                	li	a5,4
 1d0:	867c                	sh	a5,12(sp)
 1d2:	006c                	addi	a1,sp,12
 1d4:	47c1                	li	a5,16
 1d6:	80040513          	addi	a0,s0,-2048
 1da:	ca3e                	sw	a5,20(sp)
 1dc:	c826                	sw	s1,16(sp)
 1de:	230d                	jal	700 <GPIO_Init>
 1e0:	80040513          	addi	a0,s0,-2048
 1e4:	4591                	li	a1,4
 1e6:	59e000ef          	jal	ra,784 <GPIO_SetBits>
 1ea:	47c1                	li	a5,16
 1ec:	006c                	addi	a1,sp,12
 1ee:	40011537          	lui	a0,0x40011
 1f2:	867c                	sh	a5,12(sp)
 1f4:	ca3e                	sw	a5,20(sp)
 1f6:	c826                	sw	s1,16(sp)
 1f8:	2321                	jal	700 <GPIO_Init>
 1fa:	45c1                	li	a1,16
 1fc:	40011537          	lui	a0,0x40011
 200:	2351                	jal	784 <GPIO_SetBits>
 202:	47c1                	li	a5,16
 204:	006c                	addi	a1,sp,12
 206:	40040513          	addi	a0,s0,1024
 20a:	867c                	sh	a5,12(sp)
 20c:	ca3e                	sw	a5,20(sp)
 20e:	c826                	sw	s1,16(sp)
 210:	29c5                	jal	700 <GPIO_Init>
 212:	4585                	li	a1,1
 214:	4505                	li	a0,1
 216:	5ac000ef          	jal	ra,7c2 <RCC_APB1PeriphClockCmd>
 21a:	47dd                	li	a5,23
 21c:	807c                	sh	a5,0(sp)
 21e:	858a                	mv	a1,sp
 220:	57fd                	li	a5,-1
 222:	40000537          	lui	a0,0x40000
 226:	827c                	sh	a5,4(sp)
 228:	00011123          	sh	zero,2(sp)
 22c:	00011323          	sh	zero,6(sp)
 230:	00011423          	sh	zero,8(sp)
 234:	5ac000ef          	jal	ra,7e0 <TIM_TimeBaseInit>
 238:	4585                	li	a1,1
 23a:	40000537          	lui	a0,0x40000
 23e:	5f0000ef          	jal	ra,82e <TIM_Cmd>
 242:	0161                	addi	sp,sp,24
 244:	b59d                	j	aa <__riscv_restore_0>

00000246 <io_trigger_pressed>:
 246:	e5bff2ef          	jal	t0,a0 <__riscv_save_0>
 24a:	40011537          	lui	a0,0x40011
 24e:	40050513          	addi	a0,a0,1024 # 40011400 <__global_pointer$+0x20010be0>
 252:	232d                	jal	77c <GPIO_ReadInputData>
 254:	8105                	srli	a0,a0,0x1
 256:	00154513          	xori	a0,a0,1
 25a:	8905                	andi	a0,a0,1
 25c:	b5b9                	j	aa <__riscv_restore_0>

0000025e <io_buzzflasher>:
 25e:	e43ff2ef          	jal	t0,a0 <__riscv_save_0>
 262:	c119                	beqz	a0,268 <io_buzzflasher+0xa>
 264:	3de5                	jal	15c <io_buzzflasher.part.0>
 266:	b591                	j	aa <__riscv_restore_0>
 268:	40011437          	lui	s0,0x40011
 26c:	80040513          	addi	a0,s0,-2048 # 40010800 <__global_pointer$+0x2000ffe0>
 270:	4591                	li	a1,4
 272:	2b09                	jal	784 <GPIO_SetBits>
 274:	45c1                	li	a1,16
 276:	40040513          	addi	a0,s0,1024
 27a:	2339                	jal	788 <GPIO_ResetBits>
 27c:	b7ed                	j	266 <io_buzzflasher+0x8>

0000027e <ir_pulse>:
 27e:	e23ff2ef          	jal	t0,a0 <__riscv_save_0>
 282:	842a                	mv	s0,a0
 284:	e011                	bnez	s0,288 <ir_pulse+0xa>
 286:	b515                	j	aa <__riscv_restore_0>
 288:	45c1                	li	a1,16
 28a:	40011537          	lui	a0,0x40011
 28e:	29ed                	jal	788 <GPIO_ResetBits>
 290:	4521                	li	a0,8
 292:	23e5                	jal	87a <Delay_Us>
 294:	45c1                	li	a1,16
 296:	40011537          	lui	a0,0x40011
 29a:	21ed                	jal	784 <GPIO_SetBits>
 29c:	147d                	addi	s0,s0,-1
 29e:	4521                	li	a0,8
 2a0:	0442                	slli	s0,s0,0x10
 2a2:	2be1                	jal	87a <Delay_Us>
 2a4:	8041                	srli	s0,s0,0x10
 2a6:	bff9                	j	284 <ir_pulse+0x6>

000002a8 <ir_gap>:
 2a8:	df9ff2ef          	jal	t0,a0 <__riscv_save_0>
 2ac:	842a                	mv	s0,a0
 2ae:	e011                	bnez	s0,2b2 <ir_gap+0xa>
 2b0:	bbed                	j	aa <__riscv_restore_0>
 2b2:	45c1                	li	a1,16
 2b4:	40011537          	lui	a0,0x40011
 2b8:	21f1                	jal	784 <GPIO_SetBits>
 2ba:	4521                	li	a0,8
 2bc:	2b7d                	jal	87a <Delay_Us>
 2be:	45c1                	li	a1,16
 2c0:	40011537          	lui	a0,0x40011
 2c4:	21c1                	jal	784 <GPIO_SetBits>
 2c6:	147d                	addi	s0,s0,-1
 2c8:	4521                	li	a0,8
 2ca:	0442                	slli	s0,s0,0x10
 2cc:	237d                	jal	87a <Delay_Us>
 2ce:	8041                	srli	s0,s0,0x10
 2d0:	bff9                	j	2ae <ir_gap+0x6>

000002d2 <ir_send_one>:
 2d2:	dcfff2ef          	jal	t0,a0 <__riscv_save_0>
 2d6:	4571                	li	a0,28
 2d8:	3fc1                	jal	2a8 <ir_gap>
 2da:	4531                	li	a0,12
 2dc:	374d                	jal	27e <ir_pulse>
 2de:	b3f1                	j	aa <__riscv_restore_0>

000002e0 <ir_send_zero>:
 2e0:	dc1ff2ef          	jal	t0,a0 <__riscv_save_0>
 2e4:	4539                	li	a0,14
 2e6:	37c9                	jal	2a8 <ir_gap>
 2e8:	4531                	li	a0,12
 2ea:	3f51                	jal	27e <ir_pulse>
 2ec:	bb7d                	j	aa <__riscv_restore_0>

000002ee <ir_send_preamble>:
 2ee:	db3ff2ef          	jal	t0,a0 <__riscv_save_0>
 2f2:	0e400513          	li	a0,228
 2f6:	3761                	jal	27e <ir_pulse>
 2f8:	0e400513          	li	a0,228
 2fc:	3775                	jal	2a8 <ir_gap>
 2fe:	b375                	j	aa <__riscv_restore_0>

00000300 <ir_send_starting_pulse>:
 300:	da1ff2ef          	jal	t0,a0 <__riscv_save_0>
 304:	4531                	li	a0,12
 306:	3fa5                	jal	27e <ir_pulse>
 308:	b34d                	j	aa <__riscv_restore_0>

0000030a <ir_send_break_after_byte>:
 30a:	d97ff2ef          	jal	t0,a0 <__riscv_save_0>
 30e:	02b00513          	li	a0,43
 312:	3f59                	jal	2a8 <ir_gap>
 314:	bb59                	j	aa <__riscv_restore_0>

00000316 <send_byte>:
 316:	d8bff2ef          	jal	t0,a0 <__riscv_save_0>
 31a:	842a                	mv	s0,a0
 31c:	44a1                	li	s1,8
 31e:	37cd                	jal	300 <ir_send_starting_pulse>
 320:	01841793          	slli	a5,s0,0x18
 324:	87e1                	srai	a5,a5,0x18
 326:	0007da63          	bgez	a5,33a <send_byte+0x24>
 32a:	3765                	jal	2d2 <ir_send_one>
 32c:	0406                	slli	s0,s0,0x1
 32e:	14fd                	addi	s1,s1,-1
 330:	0ff47413          	andi	s0,s0,255
 334:	f4f5                	bnez	s1,320 <send_byte+0xa>
 336:	3fd1                	jal	30a <ir_send_break_after_byte>
 338:	bb8d                	j	aa <__riscv_restore_0>
 33a:	375d                	jal	2e0 <ir_send_zero>
 33c:	bfc5                	j	32c <send_byte+0x16>

0000033e <send_test>:
 33e:	d63ff2ef          	jal	t0,a0 <__riscv_save_0>
 342:	3775                	jal	2ee <ir_send_preamble>
 344:	4401                	li	s0,0
 346:	0ff47513          	andi	a0,s0,255
 34a:	37f1                	jal	316 <send_byte>
 34c:	0405                	addi	s0,s0,1
 34e:	47d1                	li	a5,20
 350:	fef41be3          	bne	s0,a5,346 <send_test+0x8>
 354:	03200513          	li	a0,50
 358:	2bb1                	jal	8b4 <Delay_Ms>
 35a:	bb81                	j	aa <__riscv_restore_0>

0000035c <send_pew>:
 35c:	d45ff2ef          	jal	t0,a0 <__riscv_save_0>
 360:	3779                	jal	2ee <ir_send_preamble>
 362:	05000513          	li	a0,80
 366:	3f45                	jal	316 <send_byte>
 368:	04500513          	li	a0,69
 36c:	376d                	jal	316 <send_byte>
 36e:	05700513          	li	a0,87
 372:	3755                	jal	316 <send_byte>
 374:	02100513          	li	a0,33
 378:	3f79                	jal	316 <send_byte>
 37a:	3759                	jal	300 <ir_send_starting_pulse>
 37c:	03200513          	li	a0,50
 380:	2b15                	jal	8b4 <Delay_Ms>
 382:	b325                	j	aa <__riscv_restore_0>

00000384 <flash>:
 384:	d1dff2ef          	jal	t0,a0 <__riscv_save_0>
 388:	4429                	li	s0,10
 38a:	3bc9                	jal	15c <io_buzzflasher.part.0>
 38c:	03200513          	li	a0,50
 390:	2315                	jal	8b4 <Delay_Ms>
 392:	4501                	li	a0,0
 394:	35e9                	jal	25e <io_buzzflasher>
 396:	03200513          	li	a0,50
 39a:	147d                	addi	s0,s0,-1
 39c:	2b21                	jal	8b4 <Delay_Ms>
 39e:	f475                	bnez	s0,38a <flash+0x6>
 3a0:	b329                	j	aa <__riscv_restore_0>

000003a2 <get_gap>:
 3a2:	cffff2ef          	jal	t0,a0 <__riscv_save_0>
 3a6:	40011437          	lui	s0,0x40011
 3aa:	40040513          	addi	a0,s0,1024 # 40011400 <__global_pointer$+0x20010be0>
 3ae:	26f9                	jal	77c <GPIO_ReadInputData>
 3b0:	04057513          	andi	a0,a0,64
 3b4:	c501                	beqz	a0,3bc <get_gap+0x1a>
 3b6:	6541                	lui	a0,0x10
 3b8:	157d                	addi	a0,a0,-1
 3ba:	b9c5                	j	aa <__riscv_restore_0>
 3bc:	37e1                	jal	384 <flash>
 3be:	400007b7          	lui	a5,0x40000
 3c2:	02079223          	sh	zero,36(a5) # 40000024 <__global_pointer$+0x1ffff804>
 3c6:	40040413          	addi	s0,s0,1024
 3ca:	8522                	mv	a0,s0
 3cc:	2e45                	jal	77c <GPIO_ReadInputData>
 3ce:	04057513          	andi	a0,a0,64
 3d2:	400007b7          	lui	a5,0x40000
 3d6:	c115                	beqz	a0,3fa <get_gap+0x58>
 3d8:	40011437          	lui	s0,0x40011
 3dc:	02079223          	sh	zero,36(a5) # 40000024 <__global_pointer$+0x1ffff804>
 3e0:	40040413          	addi	s0,s0,1024 # 40011400 <__global_pointer$+0x20010be0>
 3e4:	8522                	mv	a0,s0
 3e6:	2e59                	jal	77c <GPIO_ReadInputData>
 3e8:	04057513          	andi	a0,a0,64
 3ec:	400007b7          	lui	a5,0x40000
 3f0:	ed01                	bnez	a0,408 <get_gap+0x66>
 3f2:	33ca                	lhu	a0,36(a5)
 3f4:	0542                	slli	a0,a0,0x10
 3f6:	8141                	srli	a0,a0,0x10
 3f8:	b7c9                	j	3ba <get_gap+0x18>
 3fa:	33da                	lhu	a4,36(a5)
 3fc:	6789                	lui	a5,0x2
 3fe:	71078793          	addi	a5,a5,1808 # 2710 <_data_lma+0x1e20>
 402:	fce7f4e3          	bgeu	a5,a4,3ca <get_gap+0x28>
 406:	bf45                	j	3b6 <get_gap+0x14>
 408:	33da                	lhu	a4,36(a5)
 40a:	6789                	lui	a5,0x2
 40c:	71078793          	addi	a5,a5,1808 # 2710 <_data_lma+0x1e20>
 410:	fce7fae3          	bgeu	a5,a4,3e4 <get_gap+0x42>
 414:	b74d                	j	3b6 <get_gap+0x14>

00000416 <decode_rx>:
 416:	c8bff2ef          	jal	t0,a0 <__riscv_save_0>
 41a:	3761                	jal	3a2 <get_gap>
 41c:	20000737          	lui	a4,0x20000
 420:	00470693          	addi	a3,a4,4 # 20000004 <state.4081>
 424:	228e                	lhu	a1,0(a3)
 426:	8111                	srli	a0,a0,0x4
 428:	01051793          	slli	a5,a0,0x10
 42c:	4609                	li	a2,2
 42e:	83c1                	srli	a5,a5,0x10
 430:	00470713          	addi	a4,a4,4
 434:	02c58b63          	beq	a1,a2,46a <decode_rx+0x54>
 438:	450d                	li	a0,3
 43a:	08a58863          	beq	a1,a0,4ca <decode_rx+0xb4>
 43e:	4705                	li	a4,1
 440:	4501                	li	a0,0
 442:	02e59363          	bne	a1,a4,468 <decode_rx+0x52>
 446:	f0578793          	addi	a5,a5,-251
 44a:	07c2                	slli	a5,a5,0x10
 44c:	83c1                	srli	a5,a5,0x10
 44e:	0f800713          	li	a4,248
 452:	00f76b63          	bltu	a4,a5,468 <decode_rx+0x52>
 456:	200007b7          	lui	a5,0x20000
 45a:	02079023          	sh	zero,32(a5) # 20000020 <_edata>
 45e:	200007b7          	lui	a5,0x20000
 462:	a292                	sh	a2,0(a3)
 464:	02079123          	sh	zero,34(a5) # 20000022 <data.4082>
 468:	b189                	j	aa <__riscv_restore_0>
 46a:	ff678693          	addi	a3,a5,-10
 46e:	06c2                	slli	a3,a3,0x10
 470:	82c1                	srli	a3,a3,0x10
 472:	03200613          	li	a2,50
 476:	00d67663          	bgeu	a2,a3,482 <decode_rx+0x6c>
 47a:	4785                	li	a5,1
 47c:	a31e                	sh	a5,0(a4)
 47e:	4501                	li	a0,0
 480:	b7e5                	j	468 <decode_rx+0x52>
 482:	1785                	addi	a5,a5,-31
 484:	07c2                	slli	a5,a5,0x10
 486:	83c1                	srli	a5,a5,0x10
 488:	46c9                	li	a3,18
 48a:	00f6ea63          	bltu	a3,a5,49e <decode_rx+0x88>
 48e:	200007b7          	lui	a5,0x20000
 492:	02278793          	addi	a5,a5,34 # 20000022 <data.4082>
 496:	2396                	lhu	a3,0(a5)
 498:	0016e693          	ori	a3,a3,1
 49c:	a396                	sh	a3,0(a5)
 49e:	200006b7          	lui	a3,0x20000
 4a2:	02068693          	addi	a3,a3,32 # 20000020 <_edata>
 4a6:	229e                	lhu	a5,0(a3)
 4a8:	0785                	addi	a5,a5,1
 4aa:	07c2                	slli	a5,a5,0x10
 4ac:	83c1                	srli	a5,a5,0x10
 4ae:	a29e                	sh	a5,0(a3)
 4b0:	469d                	li	a3,7
 4b2:	00f6f463          	bgeu	a3,a5,4ba <decode_rx+0xa4>
 4b6:	478d                	li	a5,3
 4b8:	b7d1                	j	47c <decode_rx+0x66>
 4ba:	200007b7          	lui	a5,0x20000
 4be:	02278793          	addi	a5,a5,34 # 20000022 <data.4082>
 4c2:	239a                	lhu	a4,0(a5)
 4c4:	0706                	slli	a4,a4,0x1
 4c6:	a39a                	sh	a4,0(a5)
 4c8:	bf5d                	j	47e <decode_rx+0x68>
 4ca:	fcd78793          	addi	a5,a5,-51
 4ce:	07c2                	slli	a5,a5,0x10
 4d0:	83c1                	srli	a5,a5,0x10
 4d2:	45f1                	li	a1,28
 4d4:	faf5e3e3          	bltu	a1,a5,47a <decode_rx+0x64>
 4d8:	200007b7          	lui	a5,0x20000
 4dc:	02278793          	addi	a5,a5,34 # 20000022 <data.4082>
 4e0:	a292                	sh	a2,0(a3)
 4e2:	2396                	lhu	a3,0(a5)
 4e4:	20000737          	lui	a4,0x20000
 4e8:	00079023          	sh	zero,0(a5)
 4ec:	200007b7          	lui	a5,0x20000
 4f0:	02d71323          	sh	a3,38(a4) # 20000026 <rx_data>
 4f4:	02079023          	sh	zero,32(a5) # 20000020 <_edata>
 4f8:	4505                	li	a0,1
 4fa:	b7bd                	j	468 <decode_rx+0x52>

000004fc <process_rx_data>:
 4fc:	ba5ff2ef          	jal	t0,a0 <__riscv_save_0>
 500:	20000437          	lui	s0,0x20000
 504:	02440413          	addi	s0,s0,36 # 20000024 <key_pointer.4092>
 508:	201e                	lhu	a5,0(s0)
 50a:	20000737          	lui	a4,0x20000
 50e:	00070713          	mv	a4,a4
 512:	973e                	add	a4,a4,a5
 514:	00070703          	lb	a4,0(a4) # 20000000 <_highcode_vma_end>
 518:	00e51a63          	bne	a0,a4,52c <process_rx_data+0x30>
 51c:	0785                	addi	a5,a5,1
 51e:	07c2                	slli	a5,a5,0x10
 520:	83c1                	srli	a5,a5,0x10
 522:	a01e                	sh	a5,0(s0)
 524:	4711                	li	a4,4
 526:	00e79563          	bne	a5,a4,530 <process_rx_data+0x34>
 52a:	3da9                	jal	384 <flash>
 52c:	00041023          	sh	zero,0(s0)
 530:	bead                	j	aa <__riscv_restore_0>

00000532 <main>:
 532:	b6fff2ef          	jal	t0,a0 <__riscv_save_0>
 536:	4505                	li	a0,1
 538:	2c91                	jal	78c <NVIC_PriorityGroupConfig>
 53a:	20000437          	lui	s0,0x20000
 53e:	2065                	jal	5e6 <SystemCoreClockUpdate>
 540:	2619                	jal	846 <Delay_Init>
 542:	3925                	jal	17a <init_hardware>
 544:	3309                	jal	246 <io_trigger_pressed>
 546:	c511                	beqz	a0,552 <main+0x20>
 548:	3bdd                	jal	33e <send_test>
 54a:	3d09                	jal	35c <send_pew>
 54c:	0c800513          	li	a0,200
 550:	2695                	jal	8b4 <Delay_Ms>
 552:	35d1                	jal	416 <decode_rx>
 554:	d965                	beqz	a0,544 <main+0x12>
 556:	02645503          	lhu	a0,38(s0) # 20000026 <rx_data>
 55a:	374d                	jal	4fc <process_rx_data>
 55c:	3525                	jal	384 <flash>
 55e:	b7dd                	j	544 <main+0x12>

00000560 <SystemInit>:
 560:	b41ff2ef          	jal	t0,a0 <__riscv_save_0>
 564:	40021437          	lui	s0,0x40021
 568:	401c                	lw	a5,0(s0)
 56a:	f8ff0737          	lui	a4,0xf8ff0
 56e:	4541                	li	a0,16
 570:	0017e793          	ori	a5,a5,1
 574:	c01c                	sw	a5,0(s0)
 576:	405c                	lw	a5,4(s0)
 578:	8ff9                	and	a5,a5,a4
 57a:	c05c                	sw	a5,4(s0)
 57c:	401c                	lw	a5,0(s0)
 57e:	fef70737          	lui	a4,0xfef70
 582:	177d                	addi	a4,a4,-1
 584:	8ff9                	and	a5,a5,a4
 586:	c01c                	sw	a5,0(s0)
 588:	401c                	lw	a5,0(s0)
 58a:	fffc0737          	lui	a4,0xfffc0
 58e:	177d                	addi	a4,a4,-1
 590:	8ff9                	and	a5,a5,a4
 592:	c01c                	sw	a5,0(s0)
 594:	405c                	lw	a5,4(s0)
 596:	7741                	lui	a4,0xffff0
 598:	177d                	addi	a4,a4,-1
 59a:	8ff9                	and	a5,a5,a4
 59c:	c05c                	sw	a5,4(s0)
 59e:	009f07b7          	lui	a5,0x9f0
 5a2:	c41c                	sw	a5,8(s0)
 5a4:	22fd                	jal	792 <RCC_AdjustHSICalibrationValue>
 5a6:	4c1c                	lw	a5,24(s0)
 5a8:	0207e793          	ori	a5,a5,32
 5ac:	cc1c                	sw	a5,24(s0)
 5ae:	400117b7          	lui	a5,0x40011
 5b2:	4007a703          	lw	a4,1024(a5) # 40011400 <__global_pointer$+0x20010be0>
 5b6:	40078693          	addi	a3,a5,1024
 5ba:	f0f77713          	andi	a4,a4,-241
 5be:	40e7a023          	sw	a4,1024(a5)
 5c2:	4007a703          	lw	a4,1024(a5)
 5c6:	08076713          	ori	a4,a4,128
 5ca:	40e7a023          	sw	a4,1024(a5)
 5ce:	4789                	li	a5,2
 5d0:	ca9c                	sw	a5,16(a3)
 5d2:	400227b7          	lui	a5,0x40022
 5d6:	4398                	lw	a4,0(a5)
 5d8:	9b71                	andi	a4,a4,-4
 5da:	c398                	sw	a4,0(a5)
 5dc:	4398                	lw	a4,0(a5)
 5de:	c398                	sw	a4,0(a5)
 5e0:	405c                	lw	a5,4(s0)
 5e2:	c05c                	sw	a5,4(s0)
 5e4:	b4d9                	j	aa <__riscv_restore_0>

000005e6 <SystemCoreClockUpdate>:
 5e6:	abbff2ef          	jal	t0,a0 <__riscv_save_0>
 5ea:	40021737          	lui	a4,0x40021
 5ee:	435c                	lw	a5,4(a4)
 5f0:	20000437          	lui	s0,0x20000
 5f4:	4691                	li	a3,4
 5f6:	8bb1                	andi	a5,a5,12
 5f8:	01840413          	addi	s0,s0,24 # 20000018 <SystemCoreClock>
 5fc:	00d78563          	beq	a5,a3,606 <SystemCoreClockUpdate+0x20>
 600:	46a1                	li	a3,8
 602:	04d78063          	beq	a5,a3,642 <SystemCoreClockUpdate+0x5c>
 606:	016e37b7          	lui	a5,0x16e3
 60a:	60078793          	addi	a5,a5,1536 # 16e3600 <_data_lma+0x16e2d10>
 60e:	c01c                	sw	a5,0(s0)
 610:	400216b7          	lui	a3,0x40021
 614:	42dc                	lw	a5,4(a3)
 616:	4008                	lw	a0,0(s0)
 618:	8391                	srli	a5,a5,0x4
 61a:	00f7f713          	andi	a4,a5,15
 61e:	200007b7          	lui	a5,0x20000
 622:	00878793          	addi	a5,a5,8 # 20000008 <AHBPrescTable>
 626:	97ba                	add	a5,a5,a4
 628:	238c                	lbu	a1,0(a5)
 62a:	42dc                	lw	a5,4(a3)
 62c:	0ff5f593          	andi	a1,a1,255
 630:	0807f793          	andi	a5,a5,128
 634:	00b55733          	srl	a4,a0,a1
 638:	e399                	bnez	a5,63e <SystemCoreClockUpdate+0x58>
 63a:	3c69                	jal	d4 <__udivsi3>
 63c:	872a                	mv	a4,a0
 63e:	c018                	sw	a4,0(s0)
 640:	b4ad                	j	aa <__riscv_restore_0>
 642:	435c                	lw	a5,4(a4)
 644:	02dc77b7          	lui	a5,0x2dc7
 648:	c0078793          	addi	a5,a5,-1024 # 2dc6c00 <_data_lma+0x2dc6310>
 64c:	b7c9                	j	60e <SystemCoreClockUpdate+0x28>

0000064e <ADC1_IRQHandler>:
 64e:	a001                	j	64e <ADC1_IRQHandler>

00000650 <handle_reset>:
 650:	20000197          	auipc	gp,0x20000
 654:	1d018193          	addi	gp,gp,464 # 20000820 <__global_pointer$>
 658:	fe018113          	addi	sp,gp,-32 # 20000800 <_eusrstack>
 65c:	0a000513          	li	a0,160
 660:	20000597          	auipc	a1,0x20000
 664:	9a058593          	addi	a1,a1,-1632 # 20000000 <_highcode_vma_end>
 668:	20000617          	auipc	a2,0x20000
 66c:	99860613          	addi	a2,a2,-1640 # 20000000 <_highcode_vma_end>
 670:	00c5fa63          	bgeu	a1,a2,684 <handle_reset+0x34>
 674:	00052283          	lw	t0,0(a0) # 10000 <_data_lma+0xf710>
 678:	0055a023          	sw	t0,0(a1)
 67c:	0511                	addi	a0,a0,4
 67e:	0591                	addi	a1,a1,4
 680:	fec5eae3          	bltu	a1,a2,674 <handle_reset+0x24>
 684:	00000517          	auipc	a0,0x0
 688:	26c50513          	addi	a0,a0,620 # 8f0 <_data_lma>
 68c:	20000597          	auipc	a1,0x20000
 690:	97458593          	addi	a1,a1,-1676 # 20000000 <_highcode_vma_end>
 694:	20000617          	auipc	a2,0x20000
 698:	98c60613          	addi	a2,a2,-1652 # 20000020 <_edata>
 69c:	00c5fa63          	bgeu	a1,a2,6b0 <handle_reset+0x60>
 6a0:	00052283          	lw	t0,0(a0)
 6a4:	0055a023          	sw	t0,0(a1)
 6a8:	0511                	addi	a0,a0,4
 6aa:	0591                	addi	a1,a1,4
 6ac:	fec5eae3          	bltu	a1,a2,6a0 <handle_reset+0x50>
 6b0:	20000517          	auipc	a0,0x20000
 6b4:	97050513          	addi	a0,a0,-1680 # 20000020 <_edata>
 6b8:	81018593          	addi	a1,gp,-2032 # 20000030 <_ebss>
 6bc:	00b57763          	bgeu	a0,a1,6ca <handle_reset+0x7a>
 6c0:	00052023          	sw	zero,0(a0)
 6c4:	0511                	addi	a0,a0,4
 6c6:	feb56de3          	bltu	a0,a1,6c0 <handle_reset+0x70>
 6ca:	000022b7          	lui	t0,0x2
 6ce:	88028293          	addi	t0,t0,-1920 # 1880 <_data_lma+0xf90>
 6d2:	30029073          	csrw	mstatus,t0
 6d6:	428d                	li	t0,3
 6d8:	80429073          	csrw	0x804,t0
 6dc:	00000297          	auipc	t0,0x0
 6e0:	92428293          	addi	t0,t0,-1756 # 0 <_sinit>
 6e4:	0032e293          	ori	t0,t0,3
 6e8:	30529073          	csrw	mtvec,t0
 6ec:	e75ff0ef          	jal	ra,560 <SystemInit>
 6f0:	00000297          	auipc	t0,0x0
 6f4:	e4228293          	addi	t0,t0,-446 # 532 <main>
 6f8:	34129073          	csrw	mepc,t0
 6fc:	30200073          	mret

00000700 <GPIO_Init>:
 700:	4594                	lw	a3,8(a1)
 702:	0106f793          	andi	a5,a3,16
 706:	00f6f293          	andi	t0,a3,15
 70a:	c781                	beqz	a5,712 <GPIO_Init+0x12>
 70c:	41dc                	lw	a5,4(a1)
 70e:	00f2e2b3          	or	t0,t0,a5
 712:	0005d383          	lhu	t2,0(a1)
 716:	0ff3f793          	andi	a5,t2,255
 71a:	c3a5                	beqz	a5,77a <GPIO_Init+0x7a>
 71c:	00052303          	lw	t1,0(a0)
 720:	1161                	addi	sp,sp,-8
 722:	c222                	sw	s0,4(sp)
 724:	c026                	sw	s1,0(sp)
 726:	4781                	li	a5,0
 728:	02800413          	li	s0,40
 72c:	04800493          	li	s1,72
 730:	4705                	li	a4,1
 732:	00f71633          	sll	a2,a4,a5
 736:	00c3f733          	and	a4,t2,a2
 73a:	02e61263          	bne	a2,a4,75e <GPIO_Init+0x5e>
 73e:	00279593          	slli	a1,a5,0x2
 742:	473d                	li	a4,15
 744:	00b71733          	sll	a4,a4,a1
 748:	fff74713          	not	a4,a4
 74c:	00677333          	and	t1,a4,t1
 750:	00b295b3          	sll	a1,t0,a1
 754:	0065e333          	or	t1,a1,t1
 758:	00869d63          	bne	a3,s0,772 <GPIO_Init+0x72>
 75c:	c950                	sw	a2,20(a0)
 75e:	0785                	addi	a5,a5,1
 760:	4721                	li	a4,8
 762:	fce797e3          	bne	a5,a4,730 <GPIO_Init+0x30>
 766:	4412                	lw	s0,4(sp)
 768:	00652023          	sw	t1,0(a0)
 76c:	4482                	lw	s1,0(sp)
 76e:	0121                	addi	sp,sp,8
 770:	8082                	ret
 772:	fe9696e3          	bne	a3,s1,75e <GPIO_Init+0x5e>
 776:	c910                	sw	a2,16(a0)
 778:	b7dd                	j	75e <GPIO_Init+0x5e>
 77a:	8082                	ret

0000077c <GPIO_ReadInputData>:
 77c:	4508                	lw	a0,8(a0)
 77e:	0542                	slli	a0,a0,0x10
 780:	8141                	srli	a0,a0,0x10
 782:	8082                	ret

00000784 <GPIO_SetBits>:
 784:	c90c                	sw	a1,16(a0)
 786:	8082                	ret

00000788 <GPIO_ResetBits>:
 788:	c94c                	sw	a1,20(a0)
 78a:	8082                	ret

0000078c <NVIC_PriorityGroupConfig>:
 78c:	80a1a423          	sw	a0,-2040(gp) # 20000028 <NVIC_Priority_Group>
 790:	8082                	ret

00000792 <RCC_AdjustHSICalibrationValue>:
 792:	40021737          	lui	a4,0x40021
 796:	431c                	lw	a5,0(a4)
 798:	050e                	slli	a0,a0,0x3
 79a:	f077f793          	andi	a5,a5,-249
 79e:	8d5d                	or	a0,a0,a5
 7a0:	c308                	sw	a0,0(a4)
 7a2:	8082                	ret

000007a4 <RCC_APB2PeriphClockCmd>:
 7a4:	c599                	beqz	a1,7b2 <RCC_APB2PeriphClockCmd+0xe>
 7a6:	40021737          	lui	a4,0x40021
 7aa:	4f1c                	lw	a5,24(a4)
 7ac:	8d5d                	or	a0,a0,a5
 7ae:	cf08                	sw	a0,24(a4)
 7b0:	8082                	ret
 7b2:	400217b7          	lui	a5,0x40021
 7b6:	4f98                	lw	a4,24(a5)
 7b8:	fff54513          	not	a0,a0
 7bc:	8d79                	and	a0,a0,a4
 7be:	cf88                	sw	a0,24(a5)
 7c0:	8082                	ret

000007c2 <RCC_APB1PeriphClockCmd>:
 7c2:	c599                	beqz	a1,7d0 <RCC_APB1PeriphClockCmd+0xe>
 7c4:	40021737          	lui	a4,0x40021
 7c8:	4f5c                	lw	a5,28(a4)
 7ca:	8d5d                	or	a0,a0,a5
 7cc:	cf48                	sw	a0,28(a4)
 7ce:	8082                	ret
 7d0:	400217b7          	lui	a5,0x40021
 7d4:	4fd8                	lw	a4,28(a5)
 7d6:	fff54513          	not	a0,a0
 7da:	8d79                	and	a0,a0,a4
 7dc:	cfc8                	sw	a0,28(a5)
 7de:	8082                	ret

000007e0 <TIM_TimeBaseInit>:
 7e0:	211e                	lhu	a5,0(a0)
 7e2:	40013737          	lui	a4,0x40013
 7e6:	c0070713          	addi	a4,a4,-1024 # 40012c00 <__global_pointer$+0x200123e0>
 7ea:	07c2                	slli	a5,a5,0x10
 7ec:	83c1                	srli	a5,a5,0x10
 7ee:	00e50663          	beq	a0,a4,7fa <TIM_TimeBaseInit+0x1a>
 7f2:	40000737          	lui	a4,0x40000
 7f6:	00e51663          	bne	a0,a4,802 <TIM_TimeBaseInit+0x22>
 7fa:	21ba                	lhu	a4,2(a1)
 7fc:	f8f7f793          	andi	a5,a5,-113
 800:	8fd9                	or	a5,a5,a4
 802:	21fa                	lhu	a4,6(a1)
 804:	cff7f793          	andi	a5,a5,-769
 808:	07c2                	slli	a5,a5,0x10
 80a:	83c1                	srli	a5,a5,0x10
 80c:	8fd9                	or	a5,a5,a4
 80e:	a11e                	sh	a5,0(a0)
 810:	21de                	lhu	a5,4(a1)
 812:	b55e                	sh	a5,44(a0)
 814:	219e                	lhu	a5,0(a1)
 816:	b51e                	sh	a5,40(a0)
 818:	400137b7          	lui	a5,0x40013
 81c:	c0078793          	addi	a5,a5,-1024 # 40012c00 <__global_pointer$+0x200123e0>
 820:	00f51463          	bne	a0,a5,828 <TIM_TimeBaseInit+0x48>
 824:	259c                	lbu	a5,8(a1)
 826:	b91e                	sh	a5,48(a0)
 828:	4785                	li	a5,1
 82a:	a95e                	sh	a5,20(a0)
 82c:	8082                	ret

0000082e <TIM_Cmd>:
 82e:	211e                	lhu	a5,0(a0)
 830:	c589                	beqz	a1,83a <TIM_Cmd+0xc>
 832:	0017e793          	ori	a5,a5,1
 836:	a11e                	sh	a5,0(a0)
 838:	8082                	ret
 83a:	07c2                	slli	a5,a5,0x10
 83c:	83c1                	srli	a5,a5,0x10
 83e:	9bf9                	andi	a5,a5,-2
 840:	07c2                	slli	a5,a5,0x10
 842:	83c1                	srli	a5,a5,0x10
 844:	bfcd                	j	836 <TIM_Cmd+0x8>

00000846 <Delay_Init>:
 846:	85bff2ef          	jal	t0,a0 <__riscv_save_0>
 84a:	200007b7          	lui	a5,0x20000
 84e:	0187a503          	lw	a0,24(a5) # 20000018 <SystemCoreClock>
 852:	007a15b7          	lui	a1,0x7a1
 856:	20058593          	addi	a1,a1,512 # 7a1200 <_data_lma+0x7a0910>
 85a:	87bff0ef          	jal	ra,d4 <__udivsi3>
 85e:	0ff57513          	andi	a0,a0,255
 862:	80a18723          	sb	a0,-2034(gp) # 2000002e <p_us>
 866:	00551793          	slli	a5,a0,0x5
 86a:	8f89                	sub	a5,a5,a0
 86c:	078a                	slli	a5,a5,0x2
 86e:	953e                	add	a0,a0,a5
 870:	050e                	slli	a0,a0,0x3
 872:	80a19623          	sh	a0,-2036(gp) # 2000002c <p_ms>
 876:	835ff06f          	j	aa <__riscv_restore_0>

0000087a <Delay_Us>:
 87a:	827ff2ef          	jal	t0,a0 <__riscv_save_0>
 87e:	e000f437          	lui	s0,0xe000f
 882:	405c                	lw	a5,4(s0)
 884:	85aa                	mv	a1,a0
 886:	9bf9                	andi	a5,a5,-2
 888:	c05c                	sw	a5,4(s0)
 88a:	80e1c503          	lbu	a0,-2034(gp) # 2000002e <p_us>
 88e:	827ff0ef          	jal	ra,b4 <__mulsi3>
 892:	c808                	sw	a0,16(s0)
 894:	00042423          	sw	zero,8(s0) # e000f008 <__global_pointer$+0xc000e7e8>
 898:	401c                	lw	a5,0(s0)
 89a:	0017e793          	ori	a5,a5,1
 89e:	c01c                	sw	a5,0(s0)
 8a0:	e000f7b7          	lui	a5,0xe000f
 8a4:	43d8                	lw	a4,4(a5)
 8a6:	8b05                	andi	a4,a4,1
 8a8:	df75                	beqz	a4,8a4 <Delay_Us+0x2a>
 8aa:	4398                	lw	a4,0(a5)
 8ac:	9b79                	andi	a4,a4,-2
 8ae:	c398                	sw	a4,0(a5)
 8b0:	ffaff06f          	j	aa <__riscv_restore_0>

000008b4 <Delay_Ms>:
 8b4:	fecff2ef          	jal	t0,a0 <__riscv_save_0>
 8b8:	e000f437          	lui	s0,0xe000f
 8bc:	405c                	lw	a5,4(s0)
 8be:	85aa                	mv	a1,a0
 8c0:	9bf9                	andi	a5,a5,-2
 8c2:	c05c                	sw	a5,4(s0)
 8c4:	80c1d503          	lhu	a0,-2036(gp) # 2000002c <p_ms>
 8c8:	fecff0ef          	jal	ra,b4 <__mulsi3>
 8cc:	c808                	sw	a0,16(s0)
 8ce:	00042423          	sw	zero,8(s0) # e000f008 <__global_pointer$+0xc000e7e8>
 8d2:	401c                	lw	a5,0(s0)
 8d4:	0017e793          	ori	a5,a5,1
 8d8:	c01c                	sw	a5,0(s0)
 8da:	e000f7b7          	lui	a5,0xe000f
 8de:	43d8                	lw	a4,4(a5)
 8e0:	8b05                	andi	a4,a4,1
 8e2:	df75                	beqz	a4,8de <Delay_Ms+0x2a>
 8e4:	4398                	lw	a4,0(a5)
 8e6:	9b79                	andi	a4,a4,-2
 8e8:	c398                	sw	a4,0(a5)
 8ea:	fc0ff06f          	j	aa <__riscv_restore_0>
	...
