
pocket_tag.elf:     file format elf32-littleriscv
pocket_tag.elf
architecture: riscv:rv32, flags 0x00000112:
EXEC_P, HAS_SYMS, D_PAGED
start address 0x00000000

Program Header:
    LOAD off    0x00001000 vaddr 0x00000000 paddr 0x00000000 align 2**12
         filesz 0x000009ec memsz 0x000009ec flags r-x
    LOAD off    0x00002000 vaddr 0x20000000 paddr 0x000009ec align 2**12
         filesz 0x00000020 memsz 0x00000030 flags rw-
    LOAD off    0x00002700 vaddr 0x20000700 paddr 0x20000700 align 2**12
         filesz 0x00000000 memsz 0x00000100 flags rw-

Sections:
Idx Name          Size      VMA       LMA       File off  Algn
  0 .init         000000a0  00000000  00000000  00001000  2**2
                  CONTENTS, ALLOC, LOAD, READONLY, CODE
  1 .highcodelalign 00000000  000000a0  000000a0  00002020  2**0
                  CONTENTS
  2 .highcode     00000000  20000000  20000000  00002020  2**0
                  CONTENTS
  3 .text         0000094c  000000a0  000000a0  000010a0  2**2
                  CONTENTS, ALLOC, LOAD, READONLY, CODE
  4 .fini         00000000  000009ec  000009ec  00002020  2**0
                  CONTENTS, ALLOC, LOAD, CODE
  5 .dalign       00000000  20000000  20000000  00002020  2**0
                  CONTENTS
  6 .dlalign      00000000  000009ec  000009ec  00002020  2**0
                  CONTENTS
  7 .data         00000020  20000000  000009ec  00002000  2**2
                  CONTENTS, ALLOC, LOAD, DATA
  8 .bss          00000010  20000020  00000a0c  00002020  2**2
                  ALLOC
  9 .stack        00000100  20000700  20000700  00002700  2**0
                  ALLOC
 10 .debug_info   0000981f  00000000  00000000  00002020  2**0
                  CONTENTS, READONLY, DEBUGGING
 11 .debug_abbrev 000019e2  00000000  00000000  0000b83f  2**0
                  CONTENTS, READONLY, DEBUGGING
 12 .debug_aranges 00000618  00000000  00000000  0000d228  2**3
                  CONTENTS, READONLY, DEBUGGING
 13 .debug_ranges 00000640  00000000  00000000  0000d840  2**3
                  CONTENTS, READONLY, DEBUGGING
 14 .debug_line   0000730f  00000000  00000000  0000de80  2**0
                  CONTENTS, READONLY, DEBUGGING
 15 .debug_str    00001f9f  00000000  00000000  0001518f  2**0
                  CONTENTS, READONLY, DEBUGGING
 16 .comment      00000033  00000000  00000000  0001712e  2**0
                  CONTENTS, READONLY
 17 .debug_frame  00000dd0  00000000  00000000  00017164  2**2
                  CONTENTS, READONLY, DEBUGGING
 18 .debug_loc    00002b2a  00000000  00000000  00017f34  2**0
                  CONTENTS, READONLY, DEBUGGING
SYMBOL TABLE:
00000000 l    d  .init	00000000 .init
000000a0 l    d  .highcodelalign	00000000 .highcodelalign
20000000 l    d  .highcode	00000000 .highcode
000000a0 l    d  .text	00000000 .text
000009ec l    d  .fini	00000000 .fini
20000000 l    d  .dalign	00000000 .dalign
000009ec l    d  .dlalign	00000000 .dlalign
20000000 l    d  .data	00000000 .data
20000020 l    d  .bss	00000000 .bss
20000700 l    d  .stack	00000000 .stack
00000000 l    d  .debug_info	00000000 .debug_info
00000000 l    d  .debug_abbrev	00000000 .debug_abbrev
00000000 l    d  .debug_aranges	00000000 .debug_aranges
00000000 l    d  .debug_ranges	00000000 .debug_ranges
00000000 l    d  .debug_line	00000000 .debug_line
00000000 l    d  .debug_str	00000000 .debug_str
00000000 l    d  .comment	00000000 .comment
00000000 l    d  .debug_frame	00000000 .debug_frame
00000000 l    d  .debug_loc	00000000 .debug_loc
00000000 l    df *ABS*	00000000 ch32v00x_it.c
00000000 l    df *ABS*	00000000 main.c
0000015c l     F .text	0000001e io_buzzflasher.part.0
20000020 l     O .bss	00000002 bits_received.4104
20000022 l     O .bss	00000002 data.4103
20000024 l     O .bss	00000002 key_pointer.4147
20000004 l     O .data	00000002 state.4102
00000000 l    df *ABS*	00000000 system_ch32v00x.c
00000000 l    df *ABS*	00000000 ch32v00x_gpio.c
00000000 l    df *ABS*	00000000 ch32v00x_misc.c
00000000 l    df *ABS*	00000000 ch32v00x_rcc.c
00000000 l    df *ABS*	00000000 ch32v00x_tim.c
00000000 l    df *ABS*	00000000 debug.c
2000002c l     O .bss	00000002 p_ms
2000002e l     O .bss	00000001 p_us
20000820 g       .data	00000000 __global_pointer$
0000074c  w      .text	00000000 TIM1_CC_IRQHandler
000005ea g     F .text	00000018 send_test
0000014c g     F .text	00000010 HardFault_Handler
0000074c  w      .text	00000000 SysTick_Handler
00000334 g     F .text	00000028 send_byte
0000074c  w      .text	00000000 PVD_IRQHandler
0000014a g     F .text	00000002 NMI_Handler
20000020 g       .bss	00000000 _sbss
00000100 g       *ABS*	00000000 __stack_size
0000031e g     F .text	0000000a ir_send_starting_pulse
0000054e g     F .text	00000016 buzzer_shoot
00000564 g     F .text	0000003a buzzer_hit
000000aa g     F .text	0000000a .hidden __riscv_restore_2
0000092c g     F .text	00000018 TIM_Cmd
20000018 g     O .data	00000004 SystemCoreClock
000000d4 g     F .text	0000002c .hidden __udivsi3
000000a0 g       .init	00000000 _einit
000008a2 g     F .text	0000001e RCC_APB2PeriphClockCmd
000007fe g     F .text	0000007c GPIO_Init
20000028 g     O .bss	00000004 NVIC_Priority_Group
0000074c  w      .text	00000000 SPI1_IRQHandler
00000290 g     F .text	00000032 ir_pulse
000000a0 g     F .text	0000000a .hidden __riscv_save_1
000000aa g     F .text	0000000a .hidden __riscv_restore_0
0000074c  w      .text	00000000 AWU_IRQHandler
0000074c  w      .text	00000000 EXTI7_0_IRQHandler
000008c0 g     F .text	0000001e RCC_APB1PeriphClockCmd
20000700 g       .stack	00000000 _heap_end
00000978 g     F .text	0000003a Delay_Us
0000074c  w      .text	00000000 DMA1_Channel4_IRQHandler
0000074c  w      .text	00000000 ADC1_IRQHandler
0000026c g     F .text	00000024 io_buzzflasher
20000030 g       .bss	00000000 _ebss
0000074c  w      .text	00000000 DMA1_Channel7_IRQHandler
0000087a g     F .text	00000008 GPIO_ReadInputData
000005b4 g     F .text	00000036 process_rx_data
00000944 g     F .text	00000034 Delay_Init
00000882 g     F .text	00000004 GPIO_SetBits
00000328 g     F .text	0000000c ir_send_break_after_byte
00000100 g     F .text	00000008 .hidden __umodsi3
0000074c  w      .text	00000000 I2C1_EV_IRQHandler
0000030c g     F .text	00000012 ir_send_preamble
0000074c  w      .text	00000000 DMA1_Channel6_IRQHandler
0000035c g     F .text	00000072 get_gap
0000074c  w      .text	00000000 RCC_IRQHandler
0000074c  w      .text	00000000 TIM1_TRG_COM_IRQHandler
0000074c  w      .text	00000000 DMA1_Channel1_IRQHandler
00000000 g       .init	00000000 _start
20000008 g     O .data	00000010 AHBPrescTable
20000000 g       .highcode	00000000 _highcode_vma_start
000000b4 g     F .text	00000014 .hidden __mulsi3
000002c2 g     F .text	0000002e ir_gap
00000602 g     F .text	00000028 send_pew
00000886 g     F .text	00000004 GPIO_ResetBits
20000000 g       .dalign	00000000 _data_vma
00000890 g     F .text	00000012 RCC_AdjustHSICalibrationValue
0000062a g     F .text	0000002e main
0000059e g     F .text	00000016 flash
20000000 g     O .data	00000004 key
0000074c  w      .text	00000000 DMA1_Channel5_IRQHandler
00000252 g     F .text	0000001a io_trigger_pressed
000000cc g     F .text	00000058 .hidden __divsi3
000009b2 g     F .text	0000003a Delay_Ms
000002fe g     F .text	0000000e ir_send_zero
20000026 g     O .bss	00000002 rx_data
000000a0 g       .highcodelalign	00000000 _highcode_lma
00000658 g     F .text	00000088 SystemInit
0000017a g     F .text	000000d8 init_hardware
00000000 g       .init	00000000 _sinit
0000074c  w      .text	00000000 DMA1_Channel3_IRQHandler
0000074c  w      .text	00000000 TIM1_UP_IRQHandler
0000074c  w      .text	00000000 WWDG_IRQHandler
0000074c  w      .text	00000000 TIM2_IRQHandler
20000800 g       .stack	00000000 _eusrstack
000000a0 g     F .text	0000000a .hidden __riscv_save_2
0000074c  w      .text	00000000 SW_Handler
0000074c  w      .text	00000000 TIM1_BRK_IRQHandler
20000020 g       .data	00000000 _edata
20000030 g       .bss	00000000 _end
20000000 g       .highcode	00000000 _highcode_vma_end
000008de g     F .text	0000004e TIM_TimeBaseInit
000009ec g       .dlalign	00000000 _data_lma
000006e0 g     F .text	0000006c SystemCoreClockUpdate
00000124 g     F .text	00000024 .hidden __modsi3
0000074c  w      .text	00000000 DMA1_Channel2_IRQHandler
0000074e  w      .text	00000000 handle_reset
0000074c  w      .text	00000000 FLASH_IRQHandler
000000a0 g     F .text	0000000a .hidden __riscv_save_0
0000074c  w      .text	00000000 USART1_IRQHandler
000002f0 g     F .text	0000000e ir_send_one
0000074c  w      .text	00000000 I2C1_ER_IRQHandler
0000088a g     F .text	00000006 NVIC_PriorityGroupConfig
000003ce g     F .text	000000e6 decode_rx
000000aa g     F .text	0000000a .hidden __riscv_restore_1
000004b4 g     F .text	0000009a buzzer_sweep



Disassembly of section .init:

00000000 <_sinit>:
   0:	74e0006f          	j	74e <handle_reset>
   4:	0000                	unimp
   6:	0000                	unimp
   8:	014a                	slli	sp,sp,0x12
   a:	0000                	unimp
   c:	014c                	addi	a1,sp,132
	...
  2e:	0000                	unimp
  30:	074c                	addi	a1,sp,900
  32:	0000                	unimp
  34:	0000                	unimp
  36:	0000                	unimp
  38:	074c                	addi	a1,sp,900
  3a:	0000                	unimp
  3c:	0000                	unimp
  3e:	0000                	unimp
  40:	074c                	addi	a1,sp,900
  42:	0000                	unimp
  44:	074c                	addi	a1,sp,900
  46:	0000                	unimp
  48:	074c                	addi	a1,sp,900
  4a:	0000                	unimp
  4c:	074c                	addi	a1,sp,900
  4e:	0000                	unimp
  50:	074c                	addi	a1,sp,900
  52:	0000                	unimp
  54:	074c                	addi	a1,sp,900
  56:	0000                	unimp
  58:	074c                	addi	a1,sp,900
  5a:	0000                	unimp
  5c:	074c                	addi	a1,sp,900
  5e:	0000                	unimp
  60:	074c                	addi	a1,sp,900
  62:	0000                	unimp
  64:	074c                	addi	a1,sp,900
  66:	0000                	unimp
  68:	074c                	addi	a1,sp,900
  6a:	0000                	unimp
  6c:	074c                	addi	a1,sp,900
  6e:	0000                	unimp
  70:	074c                	addi	a1,sp,900
  72:	0000                	unimp
  74:	074c                	addi	a1,sp,900
  76:	0000                	unimp
  78:	074c                	addi	a1,sp,900
  7a:	0000                	unimp
  7c:	074c                	addi	a1,sp,900
  7e:	0000                	unimp
  80:	074c                	addi	a1,sp,900
  82:	0000                	unimp
  84:	074c                	addi	a1,sp,900
  86:	0000                	unimp
  88:	074c                	addi	a1,sp,900
  8a:	0000                	unimp
  8c:	074c                	addi	a1,sp,900
  8e:	0000                	unimp
  90:	074c                	addi	a1,sp,900
  92:	0000                	unimp
  94:	074c                	addi	a1,sp,900
  96:	0000                	unimp
  98:	074c                	addi	a1,sp,900
  9a:	0000                	unimp
  9c:	0000                	unimp
	...

Disassembly of section .text:

000000a0 <__riscv_save_0>:
  a0:	1151                	addi	sp,sp,-12
  a2:	c026                	sw	s1,0(sp)
  a4:	c222                	sw	s0,4(sp)
  a6:	c406                	sw	ra,8(sp)
  a8:	8282                	jr	t0

000000aa <__riscv_restore_0>:
  aa:	4482                	lw	s1,0(sp)
  ac:	4412                	lw	s0,4(sp)
  ae:	40a2                	lw	ra,8(sp)
  b0:	0131                	addi	sp,sp,12
  b2:	8082                	ret

000000b4 <__mulsi3>:
  b4:	862a                	mv	a2,a0
  b6:	4501                	li	a0,0
  b8:	0015f693          	andi	a3,a1,1
  bc:	c291                	beqz	a3,c0 <__mulsi3+0xc>
  be:	9532                	add	a0,a0,a2
  c0:	8185                	srli	a1,a1,0x1
  c2:	0606                	slli	a2,a2,0x1
  c4:	f9f5                	bnez	a1,b8 <__mulsi3+0x4>
  c6:	8082                	ret
  c8:	0000                	unimp
	...

000000cc <__divsi3>:
  cc:	02054e63          	bltz	a0,108 <__umodsi3+0x8>
  d0:	0405c363          	bltz	a1,116 <__umodsi3+0x16>

000000d4 <__udivsi3>:
  d4:	862e                	mv	a2,a1
  d6:	85aa                	mv	a1,a0
  d8:	557d                	li	a0,-1
  da:	c215                	beqz	a2,fe <__udivsi3+0x2a>
  dc:	4685                	li	a3,1
  de:	00b67863          	bgeu	a2,a1,ee <__udivsi3+0x1a>
  e2:	00c05663          	blez	a2,ee <__udivsi3+0x1a>
  e6:	0606                	slli	a2,a2,0x1
  e8:	0686                	slli	a3,a3,0x1
  ea:	feb66ce3          	bltu	a2,a1,e2 <__udivsi3+0xe>
  ee:	4501                	li	a0,0
  f0:	00c5e463          	bltu	a1,a2,f8 <__udivsi3+0x24>
  f4:	8d91                	sub	a1,a1,a2
  f6:	8d55                	or	a0,a0,a3
  f8:	8285                	srli	a3,a3,0x1
  fa:	8205                	srli	a2,a2,0x1
  fc:	faf5                	bnez	a3,f0 <__udivsi3+0x1c>
  fe:	8082                	ret

00000100 <__umodsi3>:
 100:	8286                	mv	t0,ra
 102:	3fc9                	jal	d4 <__udivsi3>
 104:	852e                	mv	a0,a1
 106:	8282                	jr	t0
 108:	40a00533          	neg	a0,a0
 10c:	0005d763          	bgez	a1,11a <__umodsi3+0x1a>
 110:	40b005b3          	neg	a1,a1
 114:	b7c1                	j	d4 <__udivsi3>
 116:	40b005b3          	neg	a1,a1
 11a:	8286                	mv	t0,ra
 11c:	3f65                	jal	d4 <__udivsi3>
 11e:	40a00533          	neg	a0,a0
 122:	8282                	jr	t0

00000124 <__modsi3>:
 124:	8286                	mv	t0,ra
 126:	0005c763          	bltz	a1,134 <__modsi3+0x10>
 12a:	00054963          	bltz	a0,13c <__modsi3+0x18>
 12e:	375d                	jal	d4 <__udivsi3>
 130:	852e                	mv	a0,a1
 132:	8282                	jr	t0
 134:	40b005b3          	neg	a1,a1
 138:	fe055be3          	bgez	a0,12e <__modsi3+0xa>
 13c:	40a00533          	neg	a0,a0
 140:	3f51                	jal	d4 <__udivsi3>
 142:	40b00533          	neg	a0,a1
 146:	8282                	jr	t0
	...

0000014a <NMI_Handler>:
 14a:	a001                	j	14a <NMI_Handler>

0000014c <HardFault_Handler>:
 14c:	beef07b7          	lui	a5,0xbeef0
 150:	e000e737          	lui	a4,0xe000e
 154:	08078793          	addi	a5,a5,128 # beef0080 <__global_pointer$+0x9eeef860>
 158:	c73c                	sw	a5,72(a4)
 15a:	a001                	j	15a <HardFault_Handler+0xe>

0000015c <io_buzzflasher.part.0>:
 15c:	f45ff2ef          	jal	t0,a0 <__riscv_save_0>
 160:	40011437          	lui	s0,0x40011
 164:	80040513          	addi	a0,s0,-2048 # 40010800 <__global_pointer$+0x2000ffe0>
 168:	4591                	li	a1,4
 16a:	71c000ef          	jal	ra,886 <GPIO_ResetBits>
 16e:	45c1                	li	a1,16
 170:	40040513          	addi	a0,s0,1024
 174:	70e000ef          	jal	ra,882 <GPIO_SetBits>
 178:	bf0d                	j	aa <__riscv_restore_0>

0000017a <init_hardware>:
 17a:	f27ff2ef          	jal	t0,a0 <__riscv_save_0>
 17e:	1121                	addi	sp,sp,-24
 180:	4585                	li	a1,1
 182:	4511                	li	a0,4
 184:	71e000ef          	jal	ra,8a2 <RCC_APB2PeriphClockCmd>
 188:	4585                	li	a1,1
 18a:	4541                	li	a0,16
 18c:	716000ef          	jal	ra,8a2 <RCC_APB2PeriphClockCmd>
 190:	4585                	li	a1,1
 192:	02000513          	li	a0,32
 196:	70c000ef          	jal	ra,8a2 <RCC_APB2PeriphClockCmd>
 19a:	40011437          	lui	s0,0x40011
 19e:	4789                	li	a5,2
 1a0:	4489                	li	s1,2
 1a2:	867c                	sh	a5,12(sp)
 1a4:	006c                	addi	a1,sp,12
 1a6:	04800793          	li	a5,72
 1aa:	40040513          	addi	a0,s0,1024 # 40011400 <__global_pointer$+0x20010be0>
 1ae:	ca3e                	sw	a5,20(sp)
 1b0:	c826                	sw	s1,16(sp)
 1b2:	00011723          	sh	zero,14(sp)
 1b6:	648000ef          	jal	ra,7fe <GPIO_Init>
 1ba:	04000713          	li	a4,64
 1be:	04800793          	li	a5,72
 1c2:	006c                	addi	a1,sp,12
 1c4:	40040513          	addi	a0,s0,1024
 1c8:	8678                	sh	a4,12(sp)
 1ca:	ca3e                	sw	a5,20(sp)
 1cc:	c826                	sw	s1,16(sp)
 1ce:	630000ef          	jal	ra,7fe <GPIO_Init>
 1d2:	4791                	li	a5,4
 1d4:	867c                	sh	a5,12(sp)
 1d6:	006c                	addi	a1,sp,12
 1d8:	47c1                	li	a5,16
 1da:	80040513          	addi	a0,s0,-2048
 1de:	ca3e                	sw	a5,20(sp)
 1e0:	c826                	sw	s1,16(sp)
 1e2:	61c000ef          	jal	ra,7fe <GPIO_Init>
 1e6:	80040513          	addi	a0,s0,-2048
 1ea:	4591                	li	a1,4
 1ec:	696000ef          	jal	ra,882 <GPIO_SetBits>
 1f0:	47c1                	li	a5,16
 1f2:	006c                	addi	a1,sp,12
 1f4:	40011537          	lui	a0,0x40011
 1f8:	867c                	sh	a5,12(sp)
 1fa:	ca3e                	sw	a5,20(sp)
 1fc:	c826                	sw	s1,16(sp)
 1fe:	600000ef          	jal	ra,7fe <GPIO_Init>
 202:	45c1                	li	a1,16
 204:	40011537          	lui	a0,0x40011
 208:	67a000ef          	jal	ra,882 <GPIO_SetBits>
 20c:	47c1                	li	a5,16
 20e:	006c                	addi	a1,sp,12
 210:	40040513          	addi	a0,s0,1024
 214:	867c                	sh	a5,12(sp)
 216:	ca3e                	sw	a5,20(sp)
 218:	c826                	sw	s1,16(sp)
 21a:	5e4000ef          	jal	ra,7fe <GPIO_Init>
 21e:	4585                	li	a1,1
 220:	4505                	li	a0,1
 222:	69e000ef          	jal	ra,8c0 <RCC_APB1PeriphClockCmd>
 226:	47dd                	li	a5,23
 228:	807c                	sh	a5,0(sp)
 22a:	858a                	mv	a1,sp
 22c:	57fd                	li	a5,-1
 22e:	40000537          	lui	a0,0x40000
 232:	827c                	sh	a5,4(sp)
 234:	00011123          	sh	zero,2(sp)
 238:	00011323          	sh	zero,6(sp)
 23c:	00011423          	sh	zero,8(sp)
 240:	69e000ef          	jal	ra,8de <TIM_TimeBaseInit>
 244:	4585                	li	a1,1
 246:	40000537          	lui	a0,0x40000
 24a:	6e2000ef          	jal	ra,92c <TIM_Cmd>
 24e:	0161                	addi	sp,sp,24
 250:	bda9                	j	aa <__riscv_restore_0>

00000252 <io_trigger_pressed>:
 252:	e4fff2ef          	jal	t0,a0 <__riscv_save_0>
 256:	40011537          	lui	a0,0x40011
 25a:	40050513          	addi	a0,a0,1024 # 40011400 <__global_pointer$+0x20010be0>
 25e:	61c000ef          	jal	ra,87a <GPIO_ReadInputData>
 262:	8105                	srli	a0,a0,0x1
 264:	00154513          	xori	a0,a0,1
 268:	8905                	andi	a0,a0,1
 26a:	b581                	j	aa <__riscv_restore_0>

0000026c <io_buzzflasher>:
 26c:	e35ff2ef          	jal	t0,a0 <__riscv_save_0>
 270:	c119                	beqz	a0,276 <io_buzzflasher+0xa>
 272:	35ed                	jal	15c <io_buzzflasher.part.0>
 274:	bd1d                	j	aa <__riscv_restore_0>
 276:	40011437          	lui	s0,0x40011
 27a:	80040513          	addi	a0,s0,-2048 # 40010800 <__global_pointer$+0x2000ffe0>
 27e:	4591                	li	a1,4
 280:	602000ef          	jal	ra,882 <GPIO_SetBits>
 284:	45c1                	li	a1,16
 286:	40040513          	addi	a0,s0,1024
 28a:	5fc000ef          	jal	ra,886 <GPIO_ResetBits>
 28e:	b7dd                	j	274 <io_buzzflasher+0x8>

00000290 <ir_pulse>:
 290:	e11ff2ef          	jal	t0,a0 <__riscv_save_0>
 294:	842a                	mv	s0,a0
 296:	e011                	bnez	s0,29a <ir_pulse+0xa>
 298:	bd09                	j	aa <__riscv_restore_0>
 29a:	45c1                	li	a1,16
 29c:	40011537          	lui	a0,0x40011
 2a0:	5e6000ef          	jal	ra,886 <GPIO_ResetBits>
 2a4:	4521                	li	a0,8
 2a6:	6d2000ef          	jal	ra,978 <Delay_Us>
 2aa:	45c1                	li	a1,16
 2ac:	40011537          	lui	a0,0x40011
 2b0:	5d2000ef          	jal	ra,882 <GPIO_SetBits>
 2b4:	147d                	addi	s0,s0,-1
 2b6:	4521                	li	a0,8
 2b8:	0442                	slli	s0,s0,0x10
 2ba:	6be000ef          	jal	ra,978 <Delay_Us>
 2be:	8041                	srli	s0,s0,0x10
 2c0:	bfd9                	j	296 <ir_pulse+0x6>

000002c2 <ir_gap>:
 2c2:	ddfff2ef          	jal	t0,a0 <__riscv_save_0>
 2c6:	842a                	mv	s0,a0
 2c8:	e011                	bnez	s0,2cc <ir_gap+0xa>
 2ca:	b3c5                	j	aa <__riscv_restore_0>
 2cc:	45c1                	li	a1,16
 2ce:	40011537          	lui	a0,0x40011
 2d2:	2b45                	jal	882 <GPIO_SetBits>
 2d4:	4521                	li	a0,8
 2d6:	6a2000ef          	jal	ra,978 <Delay_Us>
 2da:	45c1                	li	a1,16
 2dc:	40011537          	lui	a0,0x40011
 2e0:	234d                	jal	882 <GPIO_SetBits>
 2e2:	147d                	addi	s0,s0,-1
 2e4:	4521                	li	a0,8
 2e6:	0442                	slli	s0,s0,0x10
 2e8:	690000ef          	jal	ra,978 <Delay_Us>
 2ec:	8041                	srli	s0,s0,0x10
 2ee:	bfe9                	j	2c8 <ir_gap+0x6>

000002f0 <ir_send_one>:
 2f0:	db1ff2ef          	jal	t0,a0 <__riscv_save_0>
 2f4:	4571                	li	a0,28
 2f6:	37f1                	jal	2c2 <ir_gap>
 2f8:	4531                	li	a0,12
 2fa:	3f59                	jal	290 <ir_pulse>
 2fc:	b37d                	j	aa <__riscv_restore_0>

000002fe <ir_send_zero>:
 2fe:	da3ff2ef          	jal	t0,a0 <__riscv_save_0>
 302:	4539                	li	a0,14
 304:	3f7d                	jal	2c2 <ir_gap>
 306:	4531                	li	a0,12
 308:	3761                	jal	290 <ir_pulse>
 30a:	b345                	j	aa <__riscv_restore_0>

0000030c <ir_send_preamble>:
 30c:	d95ff2ef          	jal	t0,a0 <__riscv_save_0>
 310:	0e400513          	li	a0,228
 314:	3fb5                	jal	290 <ir_pulse>
 316:	0e400513          	li	a0,228
 31a:	3765                	jal	2c2 <ir_gap>
 31c:	b379                	j	aa <__riscv_restore_0>

0000031e <ir_send_starting_pulse>:
 31e:	d83ff2ef          	jal	t0,a0 <__riscv_save_0>
 322:	4531                	li	a0,12
 324:	37b5                	jal	290 <ir_pulse>
 326:	b351                	j	aa <__riscv_restore_0>

00000328 <ir_send_break_after_byte>:
 328:	d79ff2ef          	jal	t0,a0 <__riscv_save_0>
 32c:	02b00513          	li	a0,43
 330:	3f49                	jal	2c2 <ir_gap>
 332:	bba5                	j	aa <__riscv_restore_0>

00000334 <send_byte>:
 334:	d6dff2ef          	jal	t0,a0 <__riscv_save_0>
 338:	842a                	mv	s0,a0
 33a:	44a1                	li	s1,8
 33c:	37cd                	jal	31e <ir_send_starting_pulse>
 33e:	01841793          	slli	a5,s0,0x18
 342:	87e1                	srai	a5,a5,0x18
 344:	0007da63          	bgez	a5,358 <send_byte+0x24>
 348:	3765                	jal	2f0 <ir_send_one>
 34a:	0406                	slli	s0,s0,0x1
 34c:	14fd                	addi	s1,s1,-1
 34e:	0ff47413          	andi	s0,s0,255
 352:	f4f5                	bnez	s1,33e <send_byte+0xa>
 354:	3fd1                	jal	328 <ir_send_break_after_byte>
 356:	bb91                	j	aa <__riscv_restore_0>
 358:	375d                	jal	2fe <ir_send_zero>
 35a:	bfc5                	j	34a <send_byte+0x16>

0000035c <get_gap>:
 35c:	d45ff2ef          	jal	t0,a0 <__riscv_save_0>
 360:	40011437          	lui	s0,0x40011
 364:	40040513          	addi	a0,s0,1024 # 40011400 <__global_pointer$+0x20010be0>
 368:	2b09                	jal	87a <GPIO_ReadInputData>
 36a:	04057513          	andi	a0,a0,64
 36e:	c501                	beqz	a0,376 <get_gap+0x1a>
 370:	6541                	lui	a0,0x10
 372:	157d                	addi	a0,a0,-1
 374:	bb1d                	j	aa <__riscv_restore_0>
 376:	400007b7          	lui	a5,0x40000
 37a:	02079223          	sh	zero,36(a5) # 40000024 <__global_pointer$+0x1ffff804>
 37e:	40040413          	addi	s0,s0,1024
 382:	8522                	mv	a0,s0
 384:	29dd                	jal	87a <GPIO_ReadInputData>
 386:	04057513          	andi	a0,a0,64
 38a:	400007b7          	lui	a5,0x40000
 38e:	c115                	beqz	a0,3b2 <get_gap+0x56>
 390:	40011437          	lui	s0,0x40011
 394:	02079223          	sh	zero,36(a5) # 40000024 <__global_pointer$+0x1ffff804>
 398:	40040413          	addi	s0,s0,1024 # 40011400 <__global_pointer$+0x20010be0>
 39c:	8522                	mv	a0,s0
 39e:	29f1                	jal	87a <GPIO_ReadInputData>
 3a0:	04057513          	andi	a0,a0,64
 3a4:	400007b7          	lui	a5,0x40000
 3a8:	ed01                	bnez	a0,3c0 <get_gap+0x64>
 3aa:	33ca                	lhu	a0,36(a5)
 3ac:	0542                	slli	a0,a0,0x10
 3ae:	8141                	srli	a0,a0,0x10
 3b0:	b7d1                	j	374 <get_gap+0x18>
 3b2:	33da                	lhu	a4,36(a5)
 3b4:	6789                	lui	a5,0x2
 3b6:	71078793          	addi	a5,a5,1808 # 2710 <_data_lma+0x1d24>
 3ba:	fce7f4e3          	bgeu	a5,a4,382 <get_gap+0x26>
 3be:	bf4d                	j	370 <get_gap+0x14>
 3c0:	33da                	lhu	a4,36(a5)
 3c2:	6789                	lui	a5,0x2
 3c4:	71078793          	addi	a5,a5,1808 # 2710 <_data_lma+0x1d24>
 3c8:	fce7fae3          	bgeu	a5,a4,39c <get_gap+0x40>
 3cc:	b755                	j	370 <get_gap+0x14>

000003ce <decode_rx>:
 3ce:	cd3ff2ef          	jal	t0,a0 <__riscv_save_0>
 3d2:	3769                	jal	35c <get_gap>
 3d4:	20000737          	lui	a4,0x20000
 3d8:	00470693          	addi	a3,a4,4 # 20000004 <state.4102>
 3dc:	228e                	lhu	a1,0(a3)
 3de:	8111                	srli	a0,a0,0x4
 3e0:	01051793          	slli	a5,a0,0x10
 3e4:	4609                	li	a2,2
 3e6:	83c1                	srli	a5,a5,0x10
 3e8:	00470713          	addi	a4,a4,4
 3ec:	02c58b63          	beq	a1,a2,422 <decode_rx+0x54>
 3f0:	450d                	li	a0,3
 3f2:	08a58863          	beq	a1,a0,482 <decode_rx+0xb4>
 3f6:	4705                	li	a4,1
 3f8:	4501                	li	a0,0
 3fa:	02e59363          	bne	a1,a4,420 <decode_rx+0x52>
 3fe:	f0578793          	addi	a5,a5,-251
 402:	07c2                	slli	a5,a5,0x10
 404:	83c1                	srli	a5,a5,0x10
 406:	0f800713          	li	a4,248
 40a:	00f76b63          	bltu	a4,a5,420 <decode_rx+0x52>
 40e:	200007b7          	lui	a5,0x20000
 412:	02079023          	sh	zero,32(a5) # 20000020 <_edata>
 416:	200007b7          	lui	a5,0x20000
 41a:	a292                	sh	a2,0(a3)
 41c:	02079123          	sh	zero,34(a5) # 20000022 <data.4103>
 420:	b169                	j	aa <__riscv_restore_0>
 422:	ff678693          	addi	a3,a5,-10
 426:	06c2                	slli	a3,a3,0x10
 428:	82c1                	srli	a3,a3,0x10
 42a:	03200613          	li	a2,50
 42e:	00d67663          	bgeu	a2,a3,43a <decode_rx+0x6c>
 432:	4785                	li	a5,1
 434:	a31e                	sh	a5,0(a4)
 436:	4501                	li	a0,0
 438:	b7e5                	j	420 <decode_rx+0x52>
 43a:	1785                	addi	a5,a5,-31
 43c:	07c2                	slli	a5,a5,0x10
 43e:	83c1                	srli	a5,a5,0x10
 440:	46c9                	li	a3,18
 442:	00f6ea63          	bltu	a3,a5,456 <decode_rx+0x88>
 446:	200007b7          	lui	a5,0x20000
 44a:	02278793          	addi	a5,a5,34 # 20000022 <data.4103>
 44e:	2396                	lhu	a3,0(a5)
 450:	0016e693          	ori	a3,a3,1
 454:	a396                	sh	a3,0(a5)
 456:	200006b7          	lui	a3,0x20000
 45a:	02068693          	addi	a3,a3,32 # 20000020 <_edata>
 45e:	229e                	lhu	a5,0(a3)
 460:	0785                	addi	a5,a5,1
 462:	07c2                	slli	a5,a5,0x10
 464:	83c1                	srli	a5,a5,0x10
 466:	a29e                	sh	a5,0(a3)
 468:	469d                	li	a3,7
 46a:	00f6f463          	bgeu	a3,a5,472 <decode_rx+0xa4>
 46e:	478d                	li	a5,3
 470:	b7d1                	j	434 <decode_rx+0x66>
 472:	200007b7          	lui	a5,0x20000
 476:	02278793          	addi	a5,a5,34 # 20000022 <data.4103>
 47a:	239a                	lhu	a4,0(a5)
 47c:	0706                	slli	a4,a4,0x1
 47e:	a39a                	sh	a4,0(a5)
 480:	bf5d                	j	436 <decode_rx+0x68>
 482:	fcd78793          	addi	a5,a5,-51
 486:	07c2                	slli	a5,a5,0x10
 488:	83c1                	srli	a5,a5,0x10
 48a:	45f1                	li	a1,28
 48c:	faf5e3e3          	bltu	a1,a5,432 <decode_rx+0x64>
 490:	200007b7          	lui	a5,0x20000
 494:	02278793          	addi	a5,a5,34 # 20000022 <data.4103>
 498:	a292                	sh	a2,0(a3)
 49a:	2396                	lhu	a3,0(a5)
 49c:	20000737          	lui	a4,0x20000
 4a0:	00079023          	sh	zero,0(a5)
 4a4:	200007b7          	lui	a5,0x20000
 4a8:	02d71323          	sh	a3,38(a4) # 20000026 <rx_data>
 4ac:	02079023          	sh	zero,32(a5) # 20000020 <_edata>
 4b0:	4505                	li	a0,1
 4b2:	b7bd                	j	420 <decode_rx+0x52>

000004b4 <buzzer_sweep>:
 4b4:	bedff2ef          	jal	t0,a0 <__riscv_save_0>
 4b8:	1121                	addi	sp,sp,-24
 4ba:	c02a                	sw	a0,0(sp)
 4bc:	4791                	li	a5,4
 4be:	872e                	mv	a4,a1
 4c0:	4405                	li	s0,1
 4c2:	00c7fa63          	bgeu	a5,a2,4d6 <buzzer_sweep+0x22>
 4c6:	c22e                	sw	a1,4(sp)
 4c8:	8532                	mv	a0,a2
 4ca:	4595                	li	a1,5
 4cc:	3121                	jal	d4 <__udivsi3>
 4ce:	4712                	lw	a4,4(sp)
 4d0:	01051413          	slli	s0,a0,0x10
 4d4:	8041                	srli	s0,s0,0x10
 4d6:	4782                	lw	a5,0(sp)
 4d8:	4481                	li	s1,0
 4da:	8f1d                	sub	a4,a4,a5
 4dc:	01071793          	slli	a5,a4,0x10
 4e0:	87c1                	srai	a5,a5,0x10
 4e2:	c43e                	sw	a5,8(sp)
 4e4:	4522                	lw	a0,8(sp)
 4e6:	85a6                	mv	a1,s1
 4e8:	36f1                	jal	b4 <__mulsi3>
 4ea:	85a2                	mv	a1,s0
 4ec:	36c5                	jal	cc <__divsi3>
 4ee:	4782                	lw	a5,0(sp)
 4f0:	00f50733          	add	a4,a0,a5
 4f4:	000f4537          	lui	a0,0xf4
 4f8:	00171593          	slli	a1,a4,0x1
 4fc:	24050513          	addi	a0,a0,576 # f4240 <_data_lma+0xf3854>
 500:	c63a                	sw	a4,12(sp)
 502:	3ec9                	jal	d4 <__udivsi3>
 504:	4732                	lw	a4,12(sp)
 506:	c22a                	sw	a0,4(sp)
 508:	3e800593          	li	a1,1000
 50c:	00271513          	slli	a0,a4,0x2
 510:	953a                	add	a0,a0,a4
 512:	36c9                	jal	d4 <__udivsi3>
 514:	862a                	mv	a2,a0
 516:	4701                	li	a4,0
 518:	00c71b63          	bne	a4,a2,52e <buzzer_sweep+0x7a>
 51c:	00148793          	addi	a5,s1,1
 520:	01079493          	slli	s1,a5,0x10
 524:	80c1                	srli	s1,s1,0x10
 526:	fa84efe3          	bltu	s1,s0,4e4 <buzzer_sweep+0x30>
 52a:	0161                	addi	sp,sp,24
 52c:	bebd                	j	aa <__riscv_restore_0>
 52e:	ca32                	sw	a2,20(sp)
 530:	c83a                	sw	a4,16(sp)
 532:	312d                	jal	15c <io_buzzflasher.part.0>
 534:	8234                	lhu	a3,4(sp)
 536:	8536                	mv	a0,a3
 538:	c636                	sw	a3,12(sp)
 53a:	293d                	jal	978 <Delay_Us>
 53c:	4501                	li	a0,0
 53e:	333d                	jal	26c <io_buzzflasher>
 540:	46b2                	lw	a3,12(sp)
 542:	8536                	mv	a0,a3
 544:	2915                	jal	978 <Delay_Us>
 546:	4742                	lw	a4,16(sp)
 548:	4652                	lw	a2,20(sp)
 54a:	0705                	addi	a4,a4,1
 54c:	b7f1                	j	518 <buzzer_sweep+0x64>

0000054e <buzzer_shoot>:
 54e:	b53ff2ef          	jal	t0,a0 <__riscv_save_0>
 552:	6505                	lui	a0,0x1
 554:	07800613          	li	a2,120
 558:	0c800593          	li	a1,200
 55c:	9c450513          	addi	a0,a0,-1596 # 9c4 <Delay_Ms+0x12>
 560:	3f91                	jal	4b4 <buzzer_sweep>
 562:	b6a1                	j	aa <__riscv_restore_0>

00000564 <buzzer_hit>:
 564:	b3dff2ef          	jal	t0,a0 <__riscv_save_0>
 568:	06400613          	li	a2,100
 56c:	19000593          	li	a1,400
 570:	32000513          	li	a0,800
 574:	3781                	jal	4b4 <buzzer_sweep>
 576:	4579                	li	a0,30
 578:	292d                	jal	9b2 <Delay_Ms>
 57a:	06400613          	li	a2,100
 57e:	09600593          	li	a1,150
 582:	25800513          	li	a0,600
 586:	373d                	jal	4b4 <buzzer_sweep>
 588:	02800513          	li	a0,40
 58c:	211d                	jal	9b2 <Delay_Ms>
 58e:	0a000613          	li	a2,160
 592:	03c00593          	li	a1,60
 596:	15e00513          	li	a0,350
 59a:	3f29                	jal	4b4 <buzzer_sweep>
 59c:	b639                	j	aa <__riscv_restore_0>

0000059e <flash>:
 59e:	b03ff2ef          	jal	t0,a0 <__riscv_save_0>
 5a2:	37c9                	jal	564 <buzzer_hit>
 5a4:	4579                	li	a0,30
 5a6:	2131                	jal	9b2 <Delay_Ms>
 5a8:	3e55                	jal	15c <io_buzzflasher.part.0>
 5aa:	4579                	li	a0,30
 5ac:	2119                	jal	9b2 <Delay_Ms>
 5ae:	4501                	li	a0,0
 5b0:	3975                	jal	26c <io_buzzflasher>
 5b2:	bce5                	j	aa <__riscv_restore_0>

000005b4 <process_rx_data>:
 5b4:	aedff2ef          	jal	t0,a0 <__riscv_save_0>
 5b8:	20000437          	lui	s0,0x20000
 5bc:	02440413          	addi	s0,s0,36 # 20000024 <key_pointer.4147>
 5c0:	201e                	lhu	a5,0(s0)
 5c2:	20000737          	lui	a4,0x20000
 5c6:	00070713          	mv	a4,a4
 5ca:	973e                	add	a4,a4,a5
 5cc:	00070703          	lb	a4,0(a4) # 20000000 <_highcode_vma_end>
 5d0:	00e51a63          	bne	a0,a4,5e4 <process_rx_data+0x30>
 5d4:	0785                	addi	a5,a5,1
 5d6:	07c2                	slli	a5,a5,0x10
 5d8:	83c1                	srli	a5,a5,0x10
 5da:	a01e                	sh	a5,0(s0)
 5dc:	4711                	li	a4,4
 5de:	00e79563          	bne	a5,a4,5e8 <process_rx_data+0x34>
 5e2:	3f75                	jal	59e <flash>
 5e4:	00041023          	sh	zero,0(s0)
 5e8:	b4c9                	j	aa <__riscv_restore_0>

000005ea <send_test>:
 5ea:	ab7ff2ef          	jal	t0,a0 <__riscv_save_0>
 5ee:	3b39                	jal	30c <ir_send_preamble>
 5f0:	4401                	li	s0,0
 5f2:	0ff47513          	andi	a0,s0,255
 5f6:	3b3d                	jal	334 <send_byte>
 5f8:	0405                	addi	s0,s0,1
 5fa:	47d1                	li	a5,20
 5fc:	fef41be3          	bne	s0,a5,5f2 <send_test+0x8>
 600:	b46d                	j	aa <__riscv_restore_0>

00000602 <send_pew>:
 602:	a9fff2ef          	jal	t0,a0 <__riscv_save_0>
 606:	3319                	jal	30c <ir_send_preamble>
 608:	05000513          	li	a0,80
 60c:	3325                	jal	334 <send_byte>
 60e:	04500513          	li	a0,69
 612:	330d                	jal	334 <send_byte>
 614:	05700513          	li	a0,87
 618:	3b31                	jal	334 <send_byte>
 61a:	02100513          	li	a0,33
 61e:	3b19                	jal	334 <send_byte>
 620:	39fd                	jal	31e <ir_send_starting_pulse>
 622:	03200513          	li	a0,50
 626:	2671                	jal	9b2 <Delay_Ms>
 628:	b449                	j	aa <__riscv_restore_0>

0000062a <main>:
 62a:	a77ff2ef          	jal	t0,a0 <__riscv_save_0>
 62e:	4505                	li	a0,1
 630:	2ca9                	jal	88a <NVIC_PriorityGroupConfig>
 632:	20000437          	lui	s0,0x20000
 636:	206d                	jal	6e0 <SystemCoreClockUpdate>
 638:	2631                	jal	944 <Delay_Init>
 63a:	3681                	jal	17a <init_hardware>
 63c:	3919                	jal	252 <io_trigger_pressed>
 63e:	c519                	beqz	a0,64c <main+0x22>
 640:	376d                	jal	5ea <send_test>
 642:	3731                	jal	54e <buzzer_shoot>
 644:	3f7d                	jal	602 <send_pew>
 646:	0c800513          	li	a0,200
 64a:	26a5                	jal	9b2 <Delay_Ms>
 64c:	3349                	jal	3ce <decode_rx>
 64e:	d57d                	beqz	a0,63c <main+0x12>
 650:	02645503          	lhu	a0,38(s0) # 20000026 <rx_data>
 654:	3785                	jal	5b4 <process_rx_data>
 656:	b7dd                	j	63c <main+0x12>

00000658 <SystemInit>:
 658:	a49ff2ef          	jal	t0,a0 <__riscv_save_0>
 65c:	40021437          	lui	s0,0x40021
 660:	401c                	lw	a5,0(s0)
 662:	f8ff0737          	lui	a4,0xf8ff0
 666:	4541                	li	a0,16
 668:	0017e793          	ori	a5,a5,1
 66c:	c01c                	sw	a5,0(s0)
 66e:	405c                	lw	a5,4(s0)
 670:	8ff9                	and	a5,a5,a4
 672:	c05c                	sw	a5,4(s0)
 674:	401c                	lw	a5,0(s0)
 676:	fef70737          	lui	a4,0xfef70
 67a:	177d                	addi	a4,a4,-1
 67c:	8ff9                	and	a5,a5,a4
 67e:	c01c                	sw	a5,0(s0)
 680:	401c                	lw	a5,0(s0)
 682:	fffc0737          	lui	a4,0xfffc0
 686:	177d                	addi	a4,a4,-1
 688:	8ff9                	and	a5,a5,a4
 68a:	c01c                	sw	a5,0(s0)
 68c:	405c                	lw	a5,4(s0)
 68e:	7741                	lui	a4,0xffff0
 690:	177d                	addi	a4,a4,-1
 692:	8ff9                	and	a5,a5,a4
 694:	c05c                	sw	a5,4(s0)
 696:	009f07b7          	lui	a5,0x9f0
 69a:	c41c                	sw	a5,8(s0)
 69c:	2ad5                	jal	890 <RCC_AdjustHSICalibrationValue>
 69e:	4c1c                	lw	a5,24(s0)
 6a0:	0207e793          	ori	a5,a5,32
 6a4:	cc1c                	sw	a5,24(s0)
 6a6:	400117b7          	lui	a5,0x40011
 6aa:	4007a703          	lw	a4,1024(a5) # 40011400 <__global_pointer$+0x20010be0>
 6ae:	40078693          	addi	a3,a5,1024
 6b2:	f0f77713          	andi	a4,a4,-241
 6b6:	40e7a023          	sw	a4,1024(a5)
 6ba:	4007a703          	lw	a4,1024(a5)
 6be:	08076713          	ori	a4,a4,128
 6c2:	40e7a023          	sw	a4,1024(a5)
 6c6:	4789                	li	a5,2
 6c8:	ca9c                	sw	a5,16(a3)
 6ca:	400227b7          	lui	a5,0x40022
 6ce:	4398                	lw	a4,0(a5)
 6d0:	9b71                	andi	a4,a4,-4
 6d2:	c398                	sw	a4,0(a5)
 6d4:	4398                	lw	a4,0(a5)
 6d6:	c398                	sw	a4,0(a5)
 6d8:	405c                	lw	a5,4(s0)
 6da:	c05c                	sw	a5,4(s0)
 6dc:	9cfff06f          	j	aa <__riscv_restore_0>

000006e0 <SystemCoreClockUpdate>:
 6e0:	9c1ff2ef          	jal	t0,a0 <__riscv_save_0>
 6e4:	40021737          	lui	a4,0x40021
 6e8:	435c                	lw	a5,4(a4)
 6ea:	20000437          	lui	s0,0x20000
 6ee:	4691                	li	a3,4
 6f0:	8bb1                	andi	a5,a5,12
 6f2:	01840413          	addi	s0,s0,24 # 20000018 <SystemCoreClock>
 6f6:	00d78563          	beq	a5,a3,700 <SystemCoreClockUpdate+0x20>
 6fa:	46a1                	li	a3,8
 6fc:	04d78263          	beq	a5,a3,740 <SystemCoreClockUpdate+0x60>
 700:	016e37b7          	lui	a5,0x16e3
 704:	60078793          	addi	a5,a5,1536 # 16e3600 <_data_lma+0x16e2c14>
 708:	c01c                	sw	a5,0(s0)
 70a:	400216b7          	lui	a3,0x40021
 70e:	42dc                	lw	a5,4(a3)
 710:	4008                	lw	a0,0(s0)
 712:	8391                	srli	a5,a5,0x4
 714:	00f7f713          	andi	a4,a5,15
 718:	200007b7          	lui	a5,0x20000
 71c:	00878793          	addi	a5,a5,8 # 20000008 <AHBPrescTable>
 720:	97ba                	add	a5,a5,a4
 722:	238c                	lbu	a1,0(a5)
 724:	42dc                	lw	a5,4(a3)
 726:	0ff5f593          	andi	a1,a1,255
 72a:	0807f793          	andi	a5,a5,128
 72e:	00b55733          	srl	a4,a0,a1
 732:	e781                	bnez	a5,73a <SystemCoreClockUpdate+0x5a>
 734:	9a1ff0ef          	jal	ra,d4 <__udivsi3>
 738:	872a                	mv	a4,a0
 73a:	c018                	sw	a4,0(s0)
 73c:	96fff06f          	j	aa <__riscv_restore_0>
 740:	435c                	lw	a5,4(a4)
 742:	02dc77b7          	lui	a5,0x2dc7
 746:	c0078793          	addi	a5,a5,-1024 # 2dc6c00 <_data_lma+0x2dc6214>
 74a:	bf7d                	j	708 <SystemCoreClockUpdate+0x28>

0000074c <ADC1_IRQHandler>:
 74c:	a001                	j	74c <ADC1_IRQHandler>

0000074e <handle_reset>:
 74e:	20000197          	auipc	gp,0x20000
 752:	0d218193          	addi	gp,gp,210 # 20000820 <__global_pointer$>
 756:	fe018113          	addi	sp,gp,-32 # 20000800 <_eusrstack>
 75a:	0a000513          	li	a0,160
 75e:	20000597          	auipc	a1,0x20000
 762:	8a258593          	addi	a1,a1,-1886 # 20000000 <_highcode_vma_end>
 766:	20000617          	auipc	a2,0x20000
 76a:	89a60613          	addi	a2,a2,-1894 # 20000000 <_highcode_vma_end>
 76e:	00c5fa63          	bgeu	a1,a2,782 <handle_reset+0x34>
 772:	00052283          	lw	t0,0(a0)
 776:	0055a023          	sw	t0,0(a1)
 77a:	0511                	addi	a0,a0,4
 77c:	0591                	addi	a1,a1,4
 77e:	fec5eae3          	bltu	a1,a2,772 <handle_reset+0x24>
 782:	00000517          	auipc	a0,0x0
 786:	26a50513          	addi	a0,a0,618 # 9ec <_data_lma>
 78a:	20000597          	auipc	a1,0x20000
 78e:	87658593          	addi	a1,a1,-1930 # 20000000 <_highcode_vma_end>
 792:	20000617          	auipc	a2,0x20000
 796:	88e60613          	addi	a2,a2,-1906 # 20000020 <_edata>
 79a:	00c5fa63          	bgeu	a1,a2,7ae <handle_reset+0x60>
 79e:	00052283          	lw	t0,0(a0)
 7a2:	0055a023          	sw	t0,0(a1)
 7a6:	0511                	addi	a0,a0,4
 7a8:	0591                	addi	a1,a1,4
 7aa:	fec5eae3          	bltu	a1,a2,79e <handle_reset+0x50>
 7ae:	20000517          	auipc	a0,0x20000
 7b2:	87250513          	addi	a0,a0,-1934 # 20000020 <_edata>
 7b6:	81018593          	addi	a1,gp,-2032 # 20000030 <_ebss>
 7ba:	00b57763          	bgeu	a0,a1,7c8 <handle_reset+0x7a>
 7be:	00052023          	sw	zero,0(a0)
 7c2:	0511                	addi	a0,a0,4
 7c4:	feb56de3          	bltu	a0,a1,7be <handle_reset+0x70>
 7c8:	000022b7          	lui	t0,0x2
 7cc:	88028293          	addi	t0,t0,-1920 # 1880 <_data_lma+0xe94>
 7d0:	30029073          	csrw	mstatus,t0
 7d4:	428d                	li	t0,3
 7d6:	80429073          	csrw	0x804,t0
 7da:	00000297          	auipc	t0,0x0
 7de:	82628293          	addi	t0,t0,-2010 # 0 <_sinit>
 7e2:	0032e293          	ori	t0,t0,3
 7e6:	30529073          	csrw	mtvec,t0
 7ea:	e6fff0ef          	jal	ra,658 <SystemInit>
 7ee:	00000297          	auipc	t0,0x0
 7f2:	e3c28293          	addi	t0,t0,-452 # 62a <main>
 7f6:	34129073          	csrw	mepc,t0
 7fa:	30200073          	mret

000007fe <GPIO_Init>:
 7fe:	4594                	lw	a3,8(a1)
 800:	0106f793          	andi	a5,a3,16
 804:	00f6f293          	andi	t0,a3,15
 808:	c781                	beqz	a5,810 <GPIO_Init+0x12>
 80a:	41dc                	lw	a5,4(a1)
 80c:	00f2e2b3          	or	t0,t0,a5
 810:	0005d383          	lhu	t2,0(a1)
 814:	0ff3f793          	andi	a5,t2,255
 818:	c3a5                	beqz	a5,878 <GPIO_Init+0x7a>
 81a:	00052303          	lw	t1,0(a0)
 81e:	1161                	addi	sp,sp,-8
 820:	c222                	sw	s0,4(sp)
 822:	c026                	sw	s1,0(sp)
 824:	4781                	li	a5,0
 826:	02800413          	li	s0,40
 82a:	04800493          	li	s1,72
 82e:	4705                	li	a4,1
 830:	00f71633          	sll	a2,a4,a5
 834:	00c3f733          	and	a4,t2,a2
 838:	02e61263          	bne	a2,a4,85c <GPIO_Init+0x5e>
 83c:	00279593          	slli	a1,a5,0x2
 840:	473d                	li	a4,15
 842:	00b71733          	sll	a4,a4,a1
 846:	fff74713          	not	a4,a4
 84a:	00677333          	and	t1,a4,t1
 84e:	00b295b3          	sll	a1,t0,a1
 852:	0065e333          	or	t1,a1,t1
 856:	00869d63          	bne	a3,s0,870 <GPIO_Init+0x72>
 85a:	c950                	sw	a2,20(a0)
 85c:	0785                	addi	a5,a5,1
 85e:	4721                	li	a4,8
 860:	fce797e3          	bne	a5,a4,82e <GPIO_Init+0x30>
 864:	4412                	lw	s0,4(sp)
 866:	00652023          	sw	t1,0(a0)
 86a:	4482                	lw	s1,0(sp)
 86c:	0121                	addi	sp,sp,8
 86e:	8082                	ret
 870:	fe9696e3          	bne	a3,s1,85c <GPIO_Init+0x5e>
 874:	c910                	sw	a2,16(a0)
 876:	b7dd                	j	85c <GPIO_Init+0x5e>
 878:	8082                	ret

0000087a <GPIO_ReadInputData>:
 87a:	4508                	lw	a0,8(a0)
 87c:	0542                	slli	a0,a0,0x10
 87e:	8141                	srli	a0,a0,0x10
 880:	8082                	ret

00000882 <GPIO_SetBits>:
 882:	c90c                	sw	a1,16(a0)
 884:	8082                	ret

00000886 <GPIO_ResetBits>:
 886:	c94c                	sw	a1,20(a0)
 888:	8082                	ret

0000088a <NVIC_PriorityGroupConfig>:
 88a:	80a1a423          	sw	a0,-2040(gp) # 20000028 <NVIC_Priority_Group>
 88e:	8082                	ret

00000890 <RCC_AdjustHSICalibrationValue>:
 890:	40021737          	lui	a4,0x40021
 894:	431c                	lw	a5,0(a4)
 896:	050e                	slli	a0,a0,0x3
 898:	f077f793          	andi	a5,a5,-249
 89c:	8d5d                	or	a0,a0,a5
 89e:	c308                	sw	a0,0(a4)
 8a0:	8082                	ret

000008a2 <RCC_APB2PeriphClockCmd>:
 8a2:	c599                	beqz	a1,8b0 <RCC_APB2PeriphClockCmd+0xe>
 8a4:	40021737          	lui	a4,0x40021
 8a8:	4f1c                	lw	a5,24(a4)
 8aa:	8d5d                	or	a0,a0,a5
 8ac:	cf08                	sw	a0,24(a4)
 8ae:	8082                	ret
 8b0:	400217b7          	lui	a5,0x40021
 8b4:	4f98                	lw	a4,24(a5)
 8b6:	fff54513          	not	a0,a0
 8ba:	8d79                	and	a0,a0,a4
 8bc:	cf88                	sw	a0,24(a5)
 8be:	8082                	ret

000008c0 <RCC_APB1PeriphClockCmd>:
 8c0:	c599                	beqz	a1,8ce <RCC_APB1PeriphClockCmd+0xe>
 8c2:	40021737          	lui	a4,0x40021
 8c6:	4f5c                	lw	a5,28(a4)
 8c8:	8d5d                	or	a0,a0,a5
 8ca:	cf48                	sw	a0,28(a4)
 8cc:	8082                	ret
 8ce:	400217b7          	lui	a5,0x40021
 8d2:	4fd8                	lw	a4,28(a5)
 8d4:	fff54513          	not	a0,a0
 8d8:	8d79                	and	a0,a0,a4
 8da:	cfc8                	sw	a0,28(a5)
 8dc:	8082                	ret

000008de <TIM_TimeBaseInit>:
 8de:	211e                	lhu	a5,0(a0)
 8e0:	40013737          	lui	a4,0x40013
 8e4:	c0070713          	addi	a4,a4,-1024 # 40012c00 <__global_pointer$+0x200123e0>
 8e8:	07c2                	slli	a5,a5,0x10
 8ea:	83c1                	srli	a5,a5,0x10
 8ec:	00e50663          	beq	a0,a4,8f8 <TIM_TimeBaseInit+0x1a>
 8f0:	40000737          	lui	a4,0x40000
 8f4:	00e51663          	bne	a0,a4,900 <TIM_TimeBaseInit+0x22>
 8f8:	21ba                	lhu	a4,2(a1)
 8fa:	f8f7f793          	andi	a5,a5,-113
 8fe:	8fd9                	or	a5,a5,a4
 900:	21fa                	lhu	a4,6(a1)
 902:	cff7f793          	andi	a5,a5,-769
 906:	07c2                	slli	a5,a5,0x10
 908:	83c1                	srli	a5,a5,0x10
 90a:	8fd9                	or	a5,a5,a4
 90c:	a11e                	sh	a5,0(a0)
 90e:	21de                	lhu	a5,4(a1)
 910:	b55e                	sh	a5,44(a0)
 912:	219e                	lhu	a5,0(a1)
 914:	b51e                	sh	a5,40(a0)
 916:	400137b7          	lui	a5,0x40013
 91a:	c0078793          	addi	a5,a5,-1024 # 40012c00 <__global_pointer$+0x200123e0>
 91e:	00f51463          	bne	a0,a5,926 <TIM_TimeBaseInit+0x48>
 922:	259c                	lbu	a5,8(a1)
 924:	b91e                	sh	a5,48(a0)
 926:	4785                	li	a5,1
 928:	a95e                	sh	a5,20(a0)
 92a:	8082                	ret

0000092c <TIM_Cmd>:
 92c:	211e                	lhu	a5,0(a0)
 92e:	c589                	beqz	a1,938 <TIM_Cmd+0xc>
 930:	0017e793          	ori	a5,a5,1
 934:	a11e                	sh	a5,0(a0)
 936:	8082                	ret
 938:	07c2                	slli	a5,a5,0x10
 93a:	83c1                	srli	a5,a5,0x10
 93c:	9bf9                	andi	a5,a5,-2
 93e:	07c2                	slli	a5,a5,0x10
 940:	83c1                	srli	a5,a5,0x10
 942:	bfcd                	j	934 <TIM_Cmd+0x8>

00000944 <Delay_Init>:
 944:	f5cff2ef          	jal	t0,a0 <__riscv_save_0>
 948:	200007b7          	lui	a5,0x20000
 94c:	0187a503          	lw	a0,24(a5) # 20000018 <SystemCoreClock>
 950:	007a15b7          	lui	a1,0x7a1
 954:	20058593          	addi	a1,a1,512 # 7a1200 <_data_lma+0x7a0814>
 958:	f7cff0ef          	jal	ra,d4 <__udivsi3>
 95c:	0ff57513          	andi	a0,a0,255
 960:	80a18723          	sb	a0,-2034(gp) # 2000002e <p_us>
 964:	00551793          	slli	a5,a0,0x5
 968:	8f89                	sub	a5,a5,a0
 96a:	078a                	slli	a5,a5,0x2
 96c:	953e                	add	a0,a0,a5
 96e:	050e                	slli	a0,a0,0x3
 970:	80a19623          	sh	a0,-2036(gp) # 2000002c <p_ms>
 974:	f36ff06f          	j	aa <__riscv_restore_0>

00000978 <Delay_Us>:
 978:	f28ff2ef          	jal	t0,a0 <__riscv_save_0>
 97c:	e000f437          	lui	s0,0xe000f
 980:	405c                	lw	a5,4(s0)
 982:	85aa                	mv	a1,a0
 984:	9bf9                	andi	a5,a5,-2
 986:	c05c                	sw	a5,4(s0)
 988:	80e1c503          	lbu	a0,-2034(gp) # 2000002e <p_us>
 98c:	f28ff0ef          	jal	ra,b4 <__mulsi3>
 990:	c808                	sw	a0,16(s0)
 992:	00042423          	sw	zero,8(s0) # e000f008 <__global_pointer$+0xc000e7e8>
 996:	401c                	lw	a5,0(s0)
 998:	0017e793          	ori	a5,a5,1
 99c:	c01c                	sw	a5,0(s0)
 99e:	e000f7b7          	lui	a5,0xe000f
 9a2:	43d8                	lw	a4,4(a5)
 9a4:	8b05                	andi	a4,a4,1
 9a6:	df75                	beqz	a4,9a2 <Delay_Us+0x2a>
 9a8:	4398                	lw	a4,0(a5)
 9aa:	9b79                	andi	a4,a4,-2
 9ac:	c398                	sw	a4,0(a5)
 9ae:	efcff06f          	j	aa <__riscv_restore_0>

000009b2 <Delay_Ms>:
 9b2:	eeeff2ef          	jal	t0,a0 <__riscv_save_0>
 9b6:	e000f437          	lui	s0,0xe000f
 9ba:	405c                	lw	a5,4(s0)
 9bc:	85aa                	mv	a1,a0
 9be:	9bf9                	andi	a5,a5,-2
 9c0:	c05c                	sw	a5,4(s0)
 9c2:	80c1d503          	lhu	a0,-2036(gp) # 2000002c <p_ms>
 9c6:	eeeff0ef          	jal	ra,b4 <__mulsi3>
 9ca:	c808                	sw	a0,16(s0)
 9cc:	00042423          	sw	zero,8(s0) # e000f008 <__global_pointer$+0xc000e7e8>
 9d0:	401c                	lw	a5,0(s0)
 9d2:	0017e793          	ori	a5,a5,1
 9d6:	c01c                	sw	a5,0(s0)
 9d8:	e000f7b7          	lui	a5,0xe000f
 9dc:	43d8                	lw	a4,4(a5)
 9de:	8b05                	andi	a4,a4,1
 9e0:	df75                	beqz	a4,9dc <Delay_Ms+0x2a>
 9e2:	4398                	lw	a4,0(a5)
 9e4:	9b79                	andi	a4,a4,-2
 9e6:	c398                	sw	a4,0(a5)
 9e8:	ec2ff06f          	j	aa <__riscv_restore_0>
